
Nov 19 12:26:32 raspberrypi kernel: [    0.000000] Booting Linux on physical CPU 0x0
Nov 19 12:26:32 raspberrypi kernel: [    0.000000] Linux version 4.19.75-v7+ (dom@buildbot) (gcc version 4.9.3 (crosstool-NG crosstool-ng-1.22.0-88-g8460611)) #1270 SMP Tue Sep 24 18:45:11 BST 2019
Nov 19 12:26:32 raspberrypi kernel: [    0.000000] CPU: ARMv7 Processor [410fd034] revision 4 (ARMv7), cr=10c5383d
Nov 19 12:26:32 raspberrypi kernel: [    0.000000] CPU: div instructions available: patching division code
Nov 19 12:26:32 raspberrypi kernel: [    0.000000] CPU: PIPT / VIPT nonaliasing data cache, VIPT aliasing instruction cache
Nov 19 12:26:32 raspberrypi kernel: [    0.000000] OF: fdt: Machine model: Raspberry Pi 3 Model B Plus Rev 1.3
Nov 19 12:26:32 raspberrypi kernel: [    0.000000] Memory policy: Data cache writealloc
Nov 19 12:26:32 raspberrypi kernel: [    0.000000] cma: Reserved 8 MiB at 0x3ac00000
Nov 19 12:26:32 raspberrypi kernel: [    0.000000] On node 0 totalpages: 242688
Nov 19 12:26:32 raspberrypi kernel: [    0.000000]   Normal zone: 2133 pages used for memmap
Nov 19 12:26:32 raspberrypi kernel: [    0.000000]   Normal zone: 0 pages reserved
Nov 19 12:26:32 raspberrypi kernel: [    0.000000]   Normal zone: 242688 pages, LIFO batch:63
Nov 19 12:26:32 raspberrypi kernel: [    0.000000] random: get_random_bytes called from start_kernel+0xac/0x4b4 with crng_init=0
Nov 19 12:26:32 raspberrypi kernel: [    0.000000] percpu: Embedded 17 pages/cpu s39488 r8192 d21952 u69632
Nov 19 12:26:32 raspberrypi kernel: [    0.000000] pcpu-alloc: s39488 r8192 d21952 u69632 alloc=17*4096
Nov 19 12:26:32 raspberrypi kernel: [    0.000000] pcpu-alloc: [0] 0 [0] 1 [0] 2 [0] 3 
Nov 19 12:26:32 raspberrypi kernel: [    0.000000] Built 1 zonelists, mobility grouping on.  Total pages: 240555
Nov 19 12:26:32 raspberrypi kernel: [    0.000000] Kernel command line: coherent_pool=1M 8250.nr_uarts=0 bcm2708_fb.fbwidth=656 bcm2708_fb.fbheight=416 bcm2708_fb.fbswap=1 vc_mem.mem_base=0x3ec00000 vc_mem.mem_size=0x40000000  dwc_otg.lpm_enable=0 console=ttyS0,115200 console=tty1 root=PARTUUID=73528744-02 rootfstype=ext4 elevator=deadline fsck.repair=yes rootwait quiet splash plymouth.ignore-serial-consoles
Nov 19 12:26:32 raspberrypi kernel: [    0.000000] Dentry cache hash table entries: 131072 (order: 7, 524288 bytes)
Nov 19 12:26:32 raspberrypi kernel: [    0.000000] Inode-cache hash table entries: 65536 (order: 6, 262144 bytes)
Nov 19 12:26:32 raspberrypi kernel: [    0.000000] Memory: 939088K/970752K available (8192K kernel code, 629K rwdata, 2176K rodata, 1024K init, 821K bss, 23472K reserved, 8192K cma-reserved)
Nov 19 12:26:32 raspberrypi kernel: [    0.000000] Virtual kernel memory layout:
Nov 19 12:26:32 raspberrypi kernel: [    0.000000]     vector  : 0xffff0000 - 0xffff1000   (   4 kB)
Nov 19 12:26:32 raspberrypi kernel: [    0.000000]     fixmap  : 0xffc00000 - 0xfff00000   (3072 kB)
Nov 19 12:26:32 raspberrypi kernel: [    0.000000]     vmalloc : 0xbb800000 - 0xff800000   (1088 MB)
Nov 19 12:26:32 raspberrypi kernel: [    0.000000]     lowmem  : 0x80000000 - 0xbb400000   ( 948 MB)
Nov 19 12:26:32 raspberrypi kernel: [    0.000000]     modules : 0x7f000000 - 0x80000000   (  16 MB)
Nov 19 12:26:32 raspberrypi kernel: [    0.000000]       .text : 0x(ptrval) - 0x(ptrval)   (9184 kB)
Nov 19 12:26:32 raspberrypi kernel: [    0.000000]       .init : 0x(ptrval) - 0x(ptrval)   (1024 kB)
Nov 19 12:26:32 raspberrypi kernel: [    0.000000]       .data : 0x(ptrval) - 0x(ptrval)   ( 630 kB)
Nov 19 12:26:32 raspberrypi kernel: [    0.000000]        .bss : 0x(ptrval) - 0x(ptrval)   ( 822 kB)
Nov 19 12:26:32 raspberrypi kernel: [    0.000000] SLUB: HWalign=64, Order=0-3, MinObjects=0, CPUs=4, Nodes=1
Nov 19 12:26:32 raspberrypi kernel: [    0.000000] ftrace: allocating 26399 entries in 78 pages
Nov 19 12:26:32 raspberrypi kernel: [    0.000000] rcu: Hierarchical RCU implementation.
Nov 19 12:26:32 raspberrypi kernel: [    0.000000] NR_IRQS: 16, nr_irqs: 16, preallocated irqs: 16
Nov 19 12:26:32 raspberrypi kernel: [    0.000000] arch_timer: cp15 timer(s) running at 19.20MHz (phys).
Nov 19 12:26:32 raspberrypi kernel: [    0.000000] clocksource: arch_sys_counter: mask: 0xffffffffffffff max_cycles: 0x46d987e47, max_idle_ns: 440795202767 ns
Nov 19 12:26:32 raspberrypi kernel: [    0.000007] sched_clock: 56 bits at 19MHz, resolution 52ns, wraps every 4398046511078ns
Nov 19 12:26:32 raspberrypi kernel: [    0.000019] Switching to timer-based delay loop, resolution 52ns
Nov 19 12:26:32 raspberrypi kernel: [    0.000283] Console: colour dummy device 80x30
Nov 19 12:26:32 raspberrypi kernel: [    0.000302] console [tty1] enabled
Nov 19 12:26:32 raspberrypi kernel: [    0.000347] Calibrating delay loop (skipped), value calculated using timer frequency.. 38.40 BogoMIPS (lpj=192000)
Nov 19 12:26:32 raspberrypi kernel: [    0.000363] pid_max: default: 32768 minimum: 301
Nov 19 12:26:32 raspberrypi kernel: [    0.000707] Mount-cache hash table entries: 2048 (order: 1, 8192 bytes)
Nov 19 12:26:32 raspberrypi kernel: [    0.000723] Mountpoint-cache hash table entries: 2048 (order: 1, 8192 bytes)
Nov 19 12:26:32 raspberrypi kernel: [    0.001636] CPU: Testing write buffer coherency: ok
Nov 19 12:26:32 raspberrypi kernel: [    0.002102] CPU0: thread -1, cpu 0, socket 0, mpidr 80000000
Nov 19 12:26:32 raspberrypi kernel: [    0.002749] Setting up static identity map for 0x100000 - 0x10003c
Nov 19 12:26:32 raspberrypi kernel: [    0.002899] rcu: Hierarchical SRCU implementation.
Nov 19 12:26:32 raspberrypi kernel: [    0.003692] smp: Bringing up secondary CPUs ...
Nov 19 12:26:32 raspberrypi kernel: [    0.004529] CPU1: thread -1, cpu 1, socket 0, mpidr 80000001
Nov 19 12:26:32 raspberrypi kernel: [    0.005457] CPU2: thread -1, cpu 2, socket 0, mpidr 80000002
Nov 19 12:26:32 raspberrypi kernel: [    0.006321] CPU3: thread -1, cpu 3, socket 0, mpidr 80000003
Nov 19 12:26:32 raspberrypi kernel: [    0.006445] smp: Brought up 1 node, 4 CPUs
Nov 19 12:26:32 raspberrypi kernel: [    0.006457] SMP: Total of 4 processors activated (153.60 BogoMIPS).
Nov 19 12:26:32 raspberrypi kernel: [    0.006463] CPU: All CPU(s) started in HYP mode.
Nov 19 12:26:32 raspberrypi kernel: [    0.006468] CPU: Virtualization extensions available.
Nov 19 12:26:32 raspberrypi kernel: [    0.007444] devtmpfs: initialized
Nov 19 12:26:32 raspberrypi kernel: [    0.020800] VFP support v0.3: implementor 41 architecture 3 part 40 variant 3 rev 4
Nov 19 12:26:32 raspberrypi kernel: [    0.021040] clocksource: jiffies: mask: 0xffffffff max_cycles: 0xffffffff, max_idle_ns: 19112604462750000 ns
Nov 19 12:26:32 raspberrypi kernel: [    0.021058] futex hash table entries: 1024 (order: 4, 65536 bytes)
Nov 19 12:26:32 raspberrypi kernel: [    0.021658] pinctrl core: initialized pinctrl subsystem
Nov 19 12:26:32 raspberrypi kernel: [    0.022509] NET: Registered protocol family 16
Nov 19 12:26:32 raspberrypi kernel: [    0.025562] DMA: preallocated 1024 KiB pool for atomic coherent allocations
Nov 19 12:26:32 raspberrypi kernel: [    0.031311] hw-breakpoint: found 5 (+1 reserved) breakpoint and 4 watchpoint registers.
Nov 19 12:26:32 raspberrypi kernel: [    0.031319] hw-breakpoint: maximum watchpoint size is 8 bytes.
Nov 19 12:26:32 raspberrypi kernel: [    0.031523] Serial: AMBA PL011 UART driver
Nov 19 12:26:32 raspberrypi kernel: [    0.033810] bcm2835-mbox 3f00b880.mailbox: mailbox enabled
Nov 19 12:26:32 raspberrypi kernel: [    0.068683] bcm2835-dma 3f007000.dma: DMA legacy API manager at (ptrval), dmachans=0x1
Nov 19 12:26:32 raspberrypi kernel: [    0.070380] SCSI subsystem initialized
Nov 19 12:26:32 raspberrypi kernel: [    0.070608] usbcore: registered new interface driver usbfs
Nov 19 12:26:32 raspberrypi kernel: [    0.070662] usbcore: registered new interface driver hub
Nov 19 12:26:32 raspberrypi kernel: [    0.070755] usbcore: registered new device driver usb
Nov 19 12:26:32 raspberrypi kernel: [    0.090129] raspberrypi-firmware soc:firmware: Attached to firmware from 2019-09-24 17:37, variant start
Nov 19 12:26:32 raspberrypi kernel: [    0.100399] raspberrypi-firmware soc:firmware: Firmware hash is 6820edeee4ef3891b95fc01cf02a7abd7ca52f17
Nov 19 12:26:32 raspberrypi kernel: [    0.111801] clocksource: Switched to clocksource arch_sys_counter
Nov 19 12:26:32 raspberrypi kernel: [    0.201364] VFS: Disk quotas dquot_6.6.0
Nov 19 12:26:32 raspberrypi kernel: [    0.201445] VFS: Dquot-cache hash table entries: 1024 (order 0, 4096 bytes)
Nov 19 12:26:32 raspberrypi kernel: [    0.201602] FS-Cache: Loaded
Nov 19 12:26:32 raspberrypi kernel: [    0.201839] CacheFiles: Loaded
Nov 19 12:26:32 raspberrypi kernel: [    0.211764] NET: Registered protocol family 2
Nov 19 12:26:32 raspberrypi kernel: [    0.212561] tcp_listen_portaddr_hash hash table entries: 512 (order: 0, 6144 bytes)
Nov 19 12:26:32 raspberrypi kernel: [    0.212605] TCP established hash table entries: 8192 (order: 3, 32768 bytes)
Nov 19 12:26:32 raspberrypi kernel: [    0.212715] TCP bind hash table entries: 8192 (order: 4, 65536 bytes)
Nov 19 12:26:32 raspberrypi kernel: [    0.212900] TCP: Hash tables configured (established 8192 bind 8192)
Nov 19 12:26:32 raspberrypi kernel: [    0.213036] UDP hash table entries: 512 (order: 2, 16384 bytes)
Nov 19 12:26:32 raspberrypi kernel: [    0.213083] UDP-Lite hash table entries: 512 (order: 2, 16384 bytes)
Nov 19 12:26:32 raspberrypi kernel: [    0.213392] NET: Registered protocol family 1
Nov 19 12:26:32 raspberrypi kernel: [    0.213948] RPC: Registered named UNIX socket transport module.
Nov 19 12:26:32 raspberrypi kernel: [    0.213954] RPC: Registered udp transport module.
Nov 19 12:26:32 raspberrypi kernel: [    0.213960] RPC: Registered tcp transport module.
Nov 19 12:26:32 raspberrypi kernel: [    0.213965] RPC: Registered tcp NFSv4.1 backchannel transport module.
Nov 19 12:26:32 raspberrypi kernel: [    0.215763] hw perfevents: enabled with armv7_cortex_a7 PMU driver, 7 counters available
Nov 19 12:26:32 raspberrypi kernel: [    0.218762] Initialise system trusted keyrings
Nov 19 12:26:32 raspberrypi kernel: [    0.218947] workingset: timestamp_bits=14 max_order=18 bucket_order=4
Nov 19 12:26:32 raspberrypi kernel: [    0.228757] FS-Cache: Netfs 'nfs' registered for caching
Nov 19 12:26:32 raspberrypi kernel: [    0.229326] NFS: Registering the id_resolver key type
Nov 19 12:26:32 raspberrypi kernel: [    0.229351] Key type id_resolver registered
Nov 19 12:26:32 raspberrypi kernel: [    0.229357] Key type id_legacy registered
Nov 19 12:26:32 raspberrypi kernel: [    0.229374] nfs4filelayout_init: NFSv4 File Layout Driver Registering...
Nov 19 12:26:32 raspberrypi kernel: [    0.231615] Key type asymmetric registered
Nov 19 12:26:32 raspberrypi kernel: [    0.231624] Asymmetric key parser 'x509' registered
Nov 19 12:26:32 raspberrypi kernel: [    0.231672] Block layer SCSI generic (bsg) driver version 0.4 loaded (major 250)
Nov 19 12:26:32 raspberrypi kernel: [    0.231889] io scheduler noop registered
Nov 19 12:26:32 raspberrypi kernel: [    0.231897] io scheduler deadline registered (default)
Nov 19 12:26:32 raspberrypi kernel: [    0.232085] io scheduler cfq registered
Nov 19 12:26:32 raspberrypi kernel: [    0.232092] io scheduler mq-deadline registered (default)
Nov 19 12:26:32 raspberrypi kernel: [    0.232099] io scheduler kyber registered
Nov 19 12:26:32 raspberrypi kernel: [    0.234296] bcm2708_fb soc:fb: FB found 1 display(s)
Nov 19 12:26:32 raspberrypi kernel: [    0.243744] Console: switching to colour frame buffer device 82x26
Nov 19 12:26:32 raspberrypi kernel: [    0.248175] bcm2708_fb soc:fb: Registered framebuffer for display 0, size 656x416
Nov 19 12:26:32 raspberrypi kernel: [    0.250240] bcm2835-rng 3f104000.rng: hwrng registered
Nov 19 12:26:32 raspberrypi kernel: [    0.250548] vc-mem: phys_addr:0x00000000 mem_base=0x3ec00000 mem_size:0x40000000(1024 MiB)
Nov 19 12:26:32 raspberrypi kernel: [    0.251091] vc-sm: Videocore shared memory driver
Nov 19 12:26:32 raspberrypi kernel: [    0.251406] gpiomem-bcm2835 3f200000.gpiomem: Initialised: Registers at 0x3f200000
Nov 19 12:26:32 raspberrypi kernel: [    0.262183] brd: module loaded
Nov 19 12:26:32 raspberrypi kernel: [    0.272346] loop: module loaded
Nov 19 12:26:32 raspberrypi kernel: [    0.272925] Loading iSCSI transport class v2.0-870.
Nov 19 12:26:32 raspberrypi kernel: [    0.273580] libphy: Fixed MDIO Bus: probed
Nov 19 12:26:32 raspberrypi kernel: [    0.273686] usbcore: registered new interface driver lan78xx
Nov 19 12:26:32 raspberrypi kernel: [    0.273742] usbcore: registered new interface driver smsc95xx
Nov 19 12:26:32 raspberrypi kernel: [    0.273758] dwc_otg: version 3.00a 10-AUG-2012 (platform bus)
Nov 19 12:26:32 raspberrypi kernel: [    0.301596] dwc_otg 3f980000.usb: base=(ptrval)
Nov 19 12:26:32 raspberrypi kernel: [    0.501840] Core Release: 2.80a
Nov 19 12:26:32 raspberrypi kernel: [    0.501850] Setting default values for core params
Nov 19 12:26:32 raspberrypi kernel: [    0.501880] Finished setting default values for core params
Nov 19 12:26:32 raspberrypi kernel: [    0.702166] Using Buffer DMA mode
Nov 19 12:26:32 raspberrypi kernel: [    0.702173] Periodic Transfer Interrupt Enhancement - disabled
Nov 19 12:26:32 raspberrypi kernel: [    0.702179] Multiprocessor Interrupt Enhancement - disabled
Nov 19 12:26:32 raspberrypi kernel: [    0.702186] OTG VER PARAM: 0, OTG VER FLAG: 0
Nov 19 12:26:32 raspberrypi kernel: [    0.702201] Dedicated Tx FIFOs mode
Nov 19 12:26:32 raspberrypi kernel: [    0.702676] WARN::dwc_otg_hcd_init:1045: FIQ DMA bounce buffers: virt = bad14000 dma = 0xfad14000 len=9024
Nov 19 12:26:32 raspberrypi kernel: [    0.702700] FIQ FSM acceleration enabled for :
Nov 19 12:26:32 raspberrypi kernel: [    0.702700] Non-periodic Split Transactions
Nov 19 12:26:32 raspberrypi kernel: [    0.702700] Periodic Split Transactions
Nov 19 12:26:32 raspberrypi kernel: [    0.702700] High-Speed Isochronous Endpoints
Nov 19 12:26:32 raspberrypi kernel: [    0.702700] Interrupt/Control Split Transaction hack enabled
Nov 19 12:26:32 raspberrypi kernel: [    0.702708] dwc_otg: Microframe scheduler enabled
Nov 19 12:26:32 raspberrypi kernel: [    0.702765] WARN::hcd_init_fiq:457: FIQ on core 1
Nov 19 12:26:32 raspberrypi kernel: [    0.702777] WARN::hcd_init_fiq:458: FIQ ASM at 80655664 length 36
Nov 19 12:26:32 raspberrypi kernel: [    0.702790] WARN::hcd_init_fiq:497: MPHI regs_base at bb810000
Nov 19 12:26:32 raspberrypi kernel: [    0.702808] dwc_otg 3f980000.usb: DWC OTG Controller
Nov 19 12:26:32 raspberrypi kernel: [    0.702842] dwc_otg 3f980000.usb: new USB bus registered, assigned bus number 1
Nov 19 12:26:32 raspberrypi kernel: [    0.702875] dwc_otg 3f980000.usb: irq 56, io mem 0x00000000
Nov 19 12:26:32 raspberrypi kernel: [    0.702923] Init: Port Power? op_state=1
Nov 19 12:26:32 raspberrypi kernel: [    0.702929] Init: Power Port (0)
Nov 19 12:26:32 raspberrypi kernel: [    0.703179] usb usb1: New USB device found, idVendor=1d6b, idProduct=0002, bcdDevice= 4.19
Nov 19 12:26:32 raspberrypi kernel: [    0.703190] usb usb1: New USB device strings: Mfr=3, Product=2, SerialNumber=1
Nov 19 12:26:32 raspberrypi kernel: [    0.703200] usb usb1: Product: DWC OTG Controller
Nov 19 12:26:32 raspberrypi kernel: [    0.703209] usb usb1: Manufacturer: Linux 4.19.75-v7+ dwc_otg_hcd
Nov 19 12:26:32 raspberrypi kernel: [    0.703218] usb usb1: SerialNumber: 3f980000.usb
Nov 19 12:26:32 raspberrypi kernel: [    0.703831] hub 1-0:1.0: USB hub found
Nov 19 12:26:32 raspberrypi kernel: [    0.703875] hub 1-0:1.0: 1 port detected
Nov 19 12:26:32 raspberrypi kernel: [    0.704454] dwc_otg: FIQ enabled
Nov 19 12:26:32 raspberrypi kernel: [    0.704460] dwc_otg: NAK holdoff enabled
Nov 19 12:26:32 raspberrypi kernel: [    0.704465] dwc_otg: FIQ split-transaction FSM enabled
Nov 19 12:26:32 raspberrypi kernel: [    0.704476] Module dwc_common_port init
Nov 19 12:26:32 raspberrypi kernel: [    0.704763] usbcore: registered new interface driver usb-storage
Nov 19 12:26:32 raspberrypi kernel: [    0.704936] mousedev: PS/2 mouse device common for all mice
Nov 19 12:26:32 raspberrypi kernel: [    0.705768] bcm2835-wdt bcm2835-wdt: Broadcom BCM2835 watchdog timer
Nov 19 12:26:32 raspberrypi kernel: [    0.706003] bcm2835-cpufreq: min=600000 max=1400000
Nov 19 12:26:32 raspberrypi kernel: [    0.706458] sdhci: Secure Digital Host Controller Interface driver
Nov 19 12:26:32 raspberrypi kernel: [    0.706464] sdhci: Copyright(c) Pierre Ossman
Nov 19 12:26:32 raspberrypi kernel: [    0.706832] mmc-bcm2835 3f300000.mmcnr: could not get clk, deferring probe
Nov 19 12:26:32 raspberrypi kernel: [    0.707208] sdhost-bcm2835 3f202000.mmc: could not get clk, deferring probe
Nov 19 12:26:32 raspberrypi kernel: [    0.707332] sdhci-pltfm: SDHCI platform and OF driver helper
Nov 19 12:26:32 raspberrypi kernel: [    0.708863] ledtrig-cpu: registered to indicate activity on CPUs
Nov 19 12:26:32 raspberrypi kernel: [    0.709010] hidraw: raw HID events driver (C) Jiri Kosina
Nov 19 12:26:32 raspberrypi kernel: [    0.709204] usbcore: registered new interface driver usbhid
Nov 19 12:26:32 raspberrypi kernel: [    0.709210] usbhid: USB HID core driver
Nov 19 12:26:32 raspberrypi kernel: [    0.709968] vchiq: vchiq_init_state: slot_zero = (ptrval), is_master = 0
Nov 19 12:26:32 raspberrypi kernel: [    0.711504] [vc_sm_connected_init]: start
Nov 19 12:26:32 raspberrypi kernel: [    0.720171] [vc_sm_connected_init]: end - returning 0
Nov 19 12:26:32 raspberrypi kernel: [    0.721268] Initializing XFRM netlink socket
Nov 19 12:26:32 raspberrypi kernel: [    0.721294] NET: Registered protocol family 17
Nov 19 12:26:32 raspberrypi kernel: [    0.721399] Key type dns_resolver registered
Nov 19 12:26:32 raspberrypi kernel: [    0.722016] Registering SWP/SWPB emulation handler
Nov 19 12:26:32 raspberrypi kernel: [    0.722650] registered taskstats version 1
Nov 19 12:26:32 raspberrypi kernel: [    0.722666] Loading compiled-in X.509 certificates
Nov 19 12:26:32 raspberrypi kernel: [    0.729906] uart-pl011 3f201000.serial: cts_event_workaround enabled
Nov 19 12:26:32 raspberrypi kernel: [    0.729985] 3f201000.serial: ttyAMA0 at MMIO 0x3f201000 (irq = 81, base_baud = 0) is a PL011 rev2
Nov 19 12:26:32 raspberrypi kernel: [    0.732049] mmc-bcm2835 3f300000.mmcnr: mmc_debug:0 mmc_debug2:0
Nov 19 12:26:32 raspberrypi kernel: [    0.732060] mmc-bcm2835 3f300000.mmcnr: DMA channel allocated
Nov 19 12:26:32 raspberrypi kernel: [    0.758218] sdhost: log_buf @ (ptrval) (fad13000)
Nov 19 12:26:32 raspberrypi kernel: [    0.793211] mmc1: queuing unknown CIS tuple 0x80 (2 bytes)
Nov 19 12:26:32 raspberrypi kernel: [    0.794790] mmc1: queuing unknown CIS tuple 0x80 (3 bytes)
Nov 19 12:26:32 raspberrypi kernel: [    0.796375] mmc1: queuing unknown CIS tuple 0x80 (3 bytes)
Nov 19 12:26:32 raspberrypi kernel: [    0.799206] mmc1: queuing unknown CIS tuple 0x80 (7 bytes)
Nov 19 12:26:32 raspberrypi kernel: [    0.806668] mmc0: sdhost-bcm2835 loaded - DMA enabled (>1)
Nov 19 12:26:32 raspberrypi kernel: [    0.808001] of_cfs_init
Nov 19 12:26:32 raspberrypi kernel: [    0.808152] of_cfs_init: OK
Nov 19 12:26:32 raspberrypi kernel: [    0.808768] Waiting for root device PARTUUID=73528744-02...
Nov 19 12:26:32 raspberrypi kernel: [    0.871087] random: fast init done
Nov 19 12:26:32 raspberrypi kernel: [    0.879078] mmc0: host does not support reading read-only switch, assuming write-enable
Nov 19 12:26:32 raspberrypi kernel: [    0.882005] mmc0: new high speed SDHC card at address 1388
Nov 19 12:26:32 raspberrypi kernel: [    0.883517] mmc1: new high speed SDIO card at address 0001
Nov 19 12:26:32 raspberrypi kernel: [    0.884520] mmcblk0: mmc0:1388 USD00 14.7 GiB
Nov 19 12:26:32 raspberrypi kernel: [    0.886546]  mmcblk0: p1 p2
Nov 19 12:26:32 raspberrypi kernel: [    0.902775] EXT4-fs (mmcblk0p2): mounted filesystem with ordered data mode. Opts: (null)
Nov 19 12:26:32 raspberrypi kernel: [    0.902828] VFS: Mounted root (ext4 filesystem) readonly on device 179:2.
Nov 19 12:26:32 raspberrypi kernel: [    0.903573] devtmpfs: mounted
Nov 19 12:26:32 raspberrypi kernel: [    0.908852] Freeing unused kernel memory: 1024K
Nov 19 12:26:32 raspberrypi kernel: [    0.931933] Indeed it is in host mode hprt0 = 00021501
Nov 19 12:26:32 raspberrypi kernel: [    0.992335] Run /sbin/init as init process
Nov 19 12:26:32 raspberrypi kernel: [    1.141857] usb 1-1: new high-speed USB device number 2 using dwc_otg
Nov 19 12:26:32 raspberrypi kernel: [    1.141995] Indeed it is in host mode hprt0 = 00001101
Nov 19 12:26:32 raspberrypi kernel: [    1.382155] usb 1-1: New USB device found, idVendor=0424, idProduct=2514, bcdDevice= b.b3
Nov 19 12:26:32 raspberrypi kernel: [    1.382170] usb 1-1: New USB device strings: Mfr=0, Product=0, SerialNumber=0
Nov 19 12:26:32 raspberrypi kernel: [    1.382836] hub 1-1:1.0: USB hub found
Nov 19 12:26:32 raspberrypi kernel: [    1.382936] hub 1-1:1.0: 4 ports detected
Nov 19 12:26:32 raspberrypi kernel: [    1.701855] usb 1-1.1: new high-speed USB device number 3 using dwc_otg
Nov 19 12:26:32 raspberrypi kernel: [    1.735994] NET: Registered protocol family 10
Nov 19 12:26:32 raspberrypi kernel: [    1.737249] Segment Routing with IPv6
Nov 19 12:26:32 raspberrypi kernel: [    1.832393] usb 1-1.1: New USB device found, idVendor=0424, idProduct=2514, bcdDevice= b.b3
Nov 19 12:26:32 raspberrypi kernel: [    1.832409] usb 1-1.1: New USB device strings: Mfr=0, Product=0, SerialNumber=0
Nov 19 12:26:32 raspberrypi kernel: [    1.833204] hub 1-1.1:1.0: USB hub found
Nov 19 12:26:32 raspberrypi kernel: [    1.833346] hub 1-1.1:1.0: 3 ports detected
Nov 19 12:26:32 raspberrypi kernel: [    2.186546] dwc_otg_handle_wakeup_detected_intr lxstate = 2
Nov 19 12:26:32 raspberrypi kernel: [    2.571856] usb 1-1.1.1: new high-speed USB device number 4 using dwc_otg
Nov 19 12:26:32 raspberrypi kernel: [    2.666809] random: systemd: uninitialized urandom read (16 bytes read)
Nov 19 12:26:32 raspberrypi kernel: [    2.678788] random: systemd: uninitialized urandom read (16 bytes read)
Nov 19 12:26:32 raspberrypi kernel: [    2.679844] random: systemd: uninitialized urandom read (16 bytes read)
Nov 19 12:26:32 raspberrypi kernel: [    2.702412] usb 1-1.1.1: New USB device found, idVendor=0424, idProduct=7800, bcdDevice= 3.00
Nov 19 12:26:32 raspberrypi kernel: [    2.702428] usb 1-1.1.1: New USB device strings: Mfr=0, Product=0, SerialNumber=0
Nov 19 12:26:32 raspberrypi kernel: [    2.961138] i2c /dev entries driver
Nov 19 12:26:32 raspberrypi kernel: [    2.967362] lan78xx 1-1.1.1:1.0 (unnamed net_device) (uninitialized): No External EEPROM. Setting MAC Speed
Nov 19 12:26:32 raspberrypi kernel: [    2.968371] libphy: lan78xx-mdiobus: probed
Nov 19 12:26:32 raspberrypi kernel: [    3.001550] lan78xx 1-1.1.1:1.0 (unnamed net_device) (uninitialized): int urb period 64
Nov 19 12:26:32 raspberrypi kernel: [    3.494134] EXT4-fs (mmcblk0p2): re-mounted. Opts: (null)
Nov 19 12:26:32 raspberrypi kernel: [    4.634111] vc_sm_cma: module is from the staging directory, the quality is unknown, you have been warned.
Nov 19 12:26:32 raspberrypi kernel: [    4.636928] bcm2835_vc_sm_cma_probe: Videocore shared memory driver
Nov 19 12:26:32 raspberrypi kernel: [    4.636946] [vc_sm_connected_init]: start
Nov 19 12:26:32 raspberrypi kernel: [    4.647236] [vc_sm_connected_init]: installed successfully
Nov 19 12:26:32 raspberrypi kernel: [    4.654047] media: Linux media interface: v0.10
Nov 19 12:26:32 raspberrypi kernel: [    4.728604] videodev: Linux video capture interface: v2.00
Nov 19 12:26:32 raspberrypi kernel: [    4.759630] bcm2835_mmal_vchiq: module is from the staging directory, the quality is unknown, you have been warned.
Nov 19 12:26:32 raspberrypi kernel: [    4.765513] bcm2835_mmal_vchiq: module is from the staging directory, the quality is unknown, you have been warned.
Nov 19 12:26:32 raspberrypi kernel: [    4.792393] bcm2835_v4l2: module is from the staging directory, the quality is unknown, you have been warned.
Nov 19 12:26:32 raspberrypi kernel: [    4.794337] bcm2835_codec: module is from the staging directory, the quality is unknown, you have been warned.
Nov 19 12:26:32 raspberrypi kernel: [    4.819281] bcm2835-codec bcm2835-codec: Device registered as /dev/video10
Nov 19 12:26:32 raspberrypi kernel: [    4.819323] bcm2835-codec bcm2835-codec: Loaded V4L2 decode
Nov 19 12:26:32 raspberrypi kernel: [    4.826049] snd_bcm2835: module is from the staging directory, the quality is unknown, you have been warned.
Nov 19 12:26:32 raspberrypi kernel: [    4.834698] bcm2835-codec bcm2835-codec: Device registered as /dev/video11
Nov 19 12:26:32 raspberrypi kernel: [    4.834759] bcm2835-codec bcm2835-codec: Loaded V4L2 encode
Nov 19 12:26:32 raspberrypi kernel: [    4.844750] bcm2835_audio soc:audio: card created with 8 channels
Nov 19 12:26:32 raspberrypi kernel: [    4.844842] bcm2835-codec bcm2835-codec: Device registered as /dev/video12
Nov 19 12:26:32 raspberrypi kernel: [    4.844872] bcm2835-codec bcm2835-codec: Loaded V4L2 isp
Nov 19 12:26:32 raspberrypi kernel: [    5.057309] cfg80211: Loading compiled-in X.509 certificates for regulatory database
Nov 19 12:26:32 raspberrypi kernel: [    5.171572] cfg80211: Loaded X.509 cert 'sforshee: 00b28ddf47aef9cea7'
Nov 19 12:26:32 raspberrypi kernel: [    5.247208] brcmfmac: F1 signature read @0x18000000=0x15264345
Nov 19 12:26:32 raspberrypi kernel: [    5.261391] brcmfmac: brcmf_fw_alloc_request: using brcm/brcmfmac43455-sdio for chip BCM4345/6
Nov 19 12:26:32 raspberrypi kernel: [    5.261906] usbcore: registered new interface driver brcmfmac
Nov 19 12:26:32 raspberrypi kernel: [    5.498859] brcmfmac: brcmf_fw_alloc_request: using brcm/brcmfmac43455-sdio for chip BCM4345/6
Nov 19 12:26:32 raspberrypi kernel: [    5.527381] brcmfmac: brcmf_c_preinit_dcmds: Firmware: BCM4345/6 wl0: Feb 27 2018 03:15:32 version 7.45.154 (r684107 CY) FWID 01-4fbe0b04
Nov 19 12:26:32 raspberrypi kernel: [    5.535968] random: crng init done
Nov 19 12:26:32 raspberrypi kernel: [    5.535982] random: 7 urandom warning(s) missed due to ratelimiting
Nov 19 12:26:32 raspberrypi kernel: [    7.112594] 8021q: 802.1Q VLAN Support v1.8
Nov 19 12:26:32 raspberrypi kernel: [    7.244384] uart-pl011 3f201000.serial: no DMA platform data
Nov 19 12:26:32 raspberrypi kernel: [    7.760975] IPv6: ADDRCONF(NETDEV_UP): wlan0: link is not ready
Nov 19 12:26:32 raspberrypi kernel: [    7.761001] brcmfmac: power management disabled
Nov 19 12:26:32 raspberrypi kernel: [    7.788197] Adding 102396k swap on /var/swap.  Priority:-2 extents:1 across:102396k SSFS
Nov 19 12:26:33 raspberrypi kernel: [    8.097589] IPv6: ADDRCONF(NETDEV_UP): eth0: link is not ready
Nov 19 12:26:33 raspberrypi kernel: [    8.097599] 8021q: adding VLAN 0 to HW filter on device eth0
Nov 19 12:26:34 raspberrypi kernel: [    9.126381] IPv6: ADDRCONF(NETDEV_CHANGE): eth0: link becomes ready
Nov 19 12:26:36 raspberrypi kernel: [   11.040972] IPv6: ADDRCONF(NETDEV_CHANGE): wlan0: link becomes ready
Nov 19 12:26:39 raspberrypi kernel: [   14.005886] Bluetooth: Core ver 2.22
Nov 19 12:26:39 raspberrypi kernel: [   14.006002] NET: Registered protocol family 31
Nov 19 12:26:39 raspberrypi kernel: [   14.006009] Bluetooth: HCI device and connection manager initialized
Nov 19 12:26:39 raspberrypi kernel: [   14.007871] Bluetooth: HCI socket layer initialized
Nov 19 12:26:39 raspberrypi kernel: [   14.007879] Bluetooth: L2CAP socket layer initialized
Nov 19 12:26:39 raspberrypi kernel: [   14.007903] Bluetooth: SCO socket layer initialized
Nov 19 12:26:39 raspberrypi kernel: [   14.041032] Bluetooth: HCI UART driver ver 2.3
Nov 19 12:26:39 raspberrypi kernel: [   14.041040] Bluetooth: HCI UART protocol H4 registered
Nov 19 12:26:39 raspberrypi kernel: [   14.041084] Bluetooth: HCI UART protocol Three-wire (H5) registered
Nov 19 12:26:39 raspberrypi kernel: [   14.041188] Bluetooth: HCI UART protocol Broadcom registered
Nov 19 12:26:39 raspberrypi kernel: [   14.534225] Bluetooth: BNEP (Ethernet Emulation) ver 1.3
Nov 19 12:26:39 raspberrypi kernel: [   14.534234] Bluetooth: BNEP filters: protocol multicast
Nov 19 12:26:39 raspberrypi kernel: [   14.534253] Bluetooth: BNEP socket layer initialized
Nov 19 12:26:39 raspberrypi kernel: [   14.676588] Bluetooth: RFCOMM TTY layer initialized
Nov 19 12:26:39 raspberrypi kernel: [   14.676621] Bluetooth: RFCOMM socket layer initialized
Nov 19 12:26:39 raspberrypi kernel: [   14.676642] Bluetooth: RFCOMM ver 1.11
Nov 19 12:26:41 raspberrypi kernel: [   16.944919] fuse init (API version 7.27)
Nov 19 13:25:45 raspberrypi kernel: [    0.000000] Booting Linux on physical CPU 0x0
Nov 19 13:25:45 raspberrypi kernel: [    0.000000] Linux version 4.19.75-v7+ (dom@buildbot) (gcc version 4.9.3 (crosstool-NG crosstool-ng-1.22.0-88-g8460611)) #1270 SMP Tue Sep 24 18:45:11 BST 2019
Nov 19 13:25:45 raspberrypi kernel: [    0.000000] CPU: ARMv7 Processor [410fd034] revision 4 (ARMv7), cr=10c5383d
Nov 19 13:25:45 raspberrypi kernel: [    0.000000] CPU: div instructions available: patching division code
Nov 19 13:25:45 raspberrypi kernel: [    0.000000] CPU: PIPT / VIPT nonaliasing data cache, VIPT aliasing instruction cache
Nov 19 13:25:45 raspberrypi kernel: [    0.000000] OF: fdt: Machine model: Raspberry Pi 3 Model B Plus Rev 1.3
Nov 19 13:25:45 raspberrypi kernel: [    0.000000] Memory policy: Data cache writealloc
Nov 19 13:25:45 raspberrypi kernel: [    0.000000] cma: Reserved 8 MiB at 0x3ac00000
Nov 19 13:25:45 raspberrypi kernel: [    0.000000] On node 0 totalpages: 242688
Nov 19 13:25:45 raspberrypi kernel: [    0.000000]   Normal zone: 2133 pages used for memmap
Nov 19 13:25:45 raspberrypi kernel: [    0.000000]   Normal zone: 0 pages reserved
Nov 19 13:25:45 raspberrypi kernel: [    0.000000]   Normal zone: 242688 pages, LIFO batch:63
Nov 19 13:25:45 raspberrypi kernel: [    0.000000] random: get_random_bytes called from start_kernel+0xac/0x4b4 with crng_init=0
Nov 19 13:25:45 raspberrypi kernel: [    0.000000] percpu: Embedded 17 pages/cpu s39488 r8192 d21952 u69632
Nov 19 13:25:45 raspberrypi kernel: [    0.000000] pcpu-alloc: s39488 r8192 d21952 u69632 alloc=17*4096
Nov 19 13:25:45 raspberrypi kernel: [    0.000000] pcpu-alloc: [0] 0 [0] 1 [0] 2 [0] 3 
Nov 19 13:25:45 raspberrypi kernel: [    0.000000] Built 1 zonelists, mobility grouping on.  Total pages: 240555
Nov 19 13:25:45 raspberrypi kernel: [    0.000000] Kernel command line: coherent_pool=1M 8250.nr_uarts=0 bcm2708_fb.fbwidth=656 bcm2708_fb.fbheight=416 bcm2708_fb.fbswap=1 vc_mem.mem_base=0x3ec00000 vc_mem.mem_size=0x40000000  dwc_otg.lpm_enable=0 console=ttyS0,115200 console=tty1 root=PARTUUID=73528744-02 rootfstype=ext4 elevator=deadline fsck.repair=yes rootwait quiet splash plymouth.ignore-serial-consoles
Nov 19 13:25:45 raspberrypi kernel: [    0.000000] Dentry cache hash table entries: 131072 (order: 7, 524288 bytes)
Nov 19 13:25:45 raspberrypi kernel: [    0.000000] Inode-cache hash table entries: 65536 (order: 6, 262144 bytes)
Nov 19 13:25:45 raspberrypi kernel: [    0.000000] Memory: 939088K/970752K available (8192K kernel code, 629K rwdata, 2176K rodata, 1024K init, 821K bss, 23472K reserved, 8192K cma-reserved)
Nov 19 13:25:45 raspberrypi kernel: [    0.000000] Virtual kernel memory layout:
Nov 19 13:25:45 raspberrypi kernel: [    0.000000]     vector  : 0xffff0000 - 0xffff1000   (   4 kB)
Nov 19 13:25:45 raspberrypi kernel: [    0.000000]     fixmap  : 0xffc00000 - 0xfff00000   (3072 kB)
Nov 19 13:25:45 raspberrypi kernel: [    0.000000]     vmalloc : 0xbb800000 - 0xff800000   (1088 MB)
Nov 19 13:25:45 raspberrypi kernel: [    0.000000]     lowmem  : 0x80000000 - 0xbb400000   ( 948 MB)
Nov 19 13:25:45 raspberrypi kernel: [    0.000000]     modules : 0x7f000000 - 0x80000000   (  16 MB)
Nov 19 13:25:45 raspberrypi kernel: [    0.000000]       .text : 0x(ptrval) - 0x(ptrval)   (9184 kB)
Nov 19 13:25:45 raspberrypi kernel: [    0.000000]       .init : 0x(ptrval) - 0x(ptrval)   (1024 kB)
Nov 19 13:25:45 raspberrypi kernel: [    0.000000]       .data : 0x(ptrval) - 0x(ptrval)   ( 630 kB)
Nov 19 13:25:45 raspberrypi kernel: [    0.000000]        .bss : 0x(ptrval) - 0x(ptrval)   ( 822 kB)
Nov 19 13:25:45 raspberrypi kernel: [    0.000000] SLUB: HWalign=64, Order=0-3, MinObjects=0, CPUs=4, Nodes=1
Nov 19 13:25:45 raspberrypi kernel: [    0.000000] ftrace: allocating 26399 entries in 78 pages
Nov 19 13:25:45 raspberrypi kernel: [    0.000000] rcu: Hierarchical RCU implementation.
Nov 19 13:25:45 raspberrypi kernel: [    0.000000] NR_IRQS: 16, nr_irqs: 16, preallocated irqs: 16
Nov 19 13:25:45 raspberrypi kernel: [    0.000000] arch_timer: cp15 timer(s) running at 19.20MHz (phys).
Nov 19 13:25:45 raspberrypi kernel: [    0.000000] clocksource: arch_sys_counter: mask: 0xffffffffffffff max_cycles: 0x46d987e47, max_idle_ns: 440795202767 ns
Nov 19 13:25:45 raspberrypi kernel: [    0.000007] sched_clock: 56 bits at 19MHz, resolution 52ns, wraps every 4398046511078ns
Nov 19 13:25:45 raspberrypi kernel: [    0.000019] Switching to timer-based delay loop, resolution 52ns
Nov 19 13:25:45 raspberrypi kernel: [    0.000284] Console: colour dummy device 80x30
Nov 19 13:25:45 raspberrypi kernel: [    0.000303] console [tty1] enabled
Nov 19 13:25:45 raspberrypi kernel: [    0.000346] Calibrating delay loop (skipped), value calculated using timer frequency.. 38.40 BogoMIPS (lpj=192000)
Nov 19 13:25:45 raspberrypi kernel: [    0.000362] pid_max: default: 32768 minimum: 301
Nov 19 13:25:45 raspberrypi kernel: [    0.000703] Mount-cache hash table entries: 2048 (order: 1, 8192 bytes)
Nov 19 13:25:45 raspberrypi kernel: [    0.000719] Mountpoint-cache hash table entries: 2048 (order: 1, 8192 bytes)
Nov 19 13:25:45 raspberrypi kernel: [    0.001634] CPU: Testing write buffer coherency: ok
Nov 19 13:25:45 raspberrypi kernel: [    0.002100] CPU0: thread -1, cpu 0, socket 0, mpidr 80000000
Nov 19 13:25:45 raspberrypi kernel: [    0.002750] Setting up static identity map for 0x100000 - 0x10003c
Nov 19 13:25:45 raspberrypi kernel: [    0.002896] rcu: Hierarchical SRCU implementation.
Nov 19 13:25:45 raspberrypi kernel: [    0.003691] smp: Bringing up secondary CPUs ...
Nov 19 13:25:45 raspberrypi kernel: [    0.004531] CPU1: thread -1, cpu 1, socket 0, mpidr 80000001
Nov 19 13:25:45 raspberrypi kernel: [    0.005456] CPU2: thread -1, cpu 2, socket 0, mpidr 80000002
Nov 19 13:25:45 raspberrypi kernel: [    0.006317] CPU3: thread -1, cpu 3, socket 0, mpidr 80000003
Nov 19 13:25:45 raspberrypi kernel: [    0.006442] smp: Brought up 1 node, 4 CPUs
Nov 19 13:25:45 raspberrypi kernel: [    0.006453] SMP: Total of 4 processors activated (153.60 BogoMIPS).
Nov 19 13:25:45 raspberrypi kernel: [    0.006459] CPU: All CPU(s) started in HYP mode.
Nov 19 13:25:45 raspberrypi kernel: [    0.006464] CPU: Virtualization extensions available.
Nov 19 13:25:45 raspberrypi kernel: [    0.007437] devtmpfs: initialized
Nov 19 13:25:45 raspberrypi kernel: [    0.020784] VFP support v0.3: implementor 41 architecture 3 part 40 variant 3 rev 4
Nov 19 13:25:45 raspberrypi kernel: [    0.021022] clocksource: jiffies: mask: 0xffffffff max_cycles: 0xffffffff, max_idle_ns: 19112604462750000 ns
Nov 19 13:25:45 raspberrypi kernel: [    0.021040] futex hash table entries: 1024 (order: 4, 65536 bytes)
Nov 19 13:25:45 raspberrypi kernel: [    0.021638] pinctrl core: initialized pinctrl subsystem
Nov 19 13:25:45 raspberrypi kernel: [    0.022491] NET: Registered protocol family 16
Nov 19 13:25:45 raspberrypi kernel: [    0.025576] DMA: preallocated 1024 KiB pool for atomic coherent allocations
Nov 19 13:25:45 raspberrypi kernel: [    0.031326] hw-breakpoint: found 5 (+1 reserved) breakpoint and 4 watchpoint registers.
Nov 19 13:25:45 raspberrypi kernel: [    0.031334] hw-breakpoint: maximum watchpoint size is 8 bytes.
Nov 19 13:25:45 raspberrypi kernel: [    0.031543] Serial: AMBA PL011 UART driver
Nov 19 13:25:45 raspberrypi kernel: [    0.033835] bcm2835-mbox 3f00b880.mailbox: mailbox enabled
Nov 19 13:25:45 raspberrypi kernel: [    0.068732] bcm2835-dma 3f007000.dma: DMA legacy API manager at (ptrval), dmachans=0x1
Nov 19 13:25:45 raspberrypi kernel: [    0.070421] SCSI subsystem initialized
Nov 19 13:25:45 raspberrypi kernel: [    0.070648] usbcore: registered new interface driver usbfs
Nov 19 13:25:45 raspberrypi kernel: [    0.070701] usbcore: registered new interface driver hub
Nov 19 13:25:45 raspberrypi kernel: [    0.070794] usbcore: registered new device driver usb
Nov 19 13:25:45 raspberrypi kernel: [    0.090123] raspberrypi-firmware soc:firmware: Attached to firmware from 2019-09-24 17:37, variant start
Nov 19 13:25:45 raspberrypi kernel: [    0.100396] raspberrypi-firmware soc:firmware: Firmware hash is 6820edeee4ef3891b95fc01cf02a7abd7ca52f17
Nov 19 13:25:45 raspberrypi kernel: [    0.111814] clocksource: Switched to clocksource arch_sys_counter
Nov 19 13:25:45 raspberrypi kernel: [    0.201332] VFS: Disk quotas dquot_6.6.0
Nov 19 13:25:45 raspberrypi kernel: [    0.201414] VFS: Dquot-cache hash table entries: 1024 (order 0, 4096 bytes)
Nov 19 13:25:45 raspberrypi kernel: [    0.201605] FS-Cache: Loaded
Nov 19 13:25:45 raspberrypi kernel: [    0.201842] CacheFiles: Loaded
Nov 19 13:25:45 raspberrypi kernel: [    0.211764] NET: Registered protocol family 2
Nov 19 13:25:45 raspberrypi kernel: [    0.212565] tcp_listen_portaddr_hash hash table entries: 512 (order: 0, 6144 bytes)
Nov 19 13:25:45 raspberrypi kernel: [    0.212609] TCP established hash table entries: 8192 (order: 3, 32768 bytes)
Nov 19 13:25:45 raspberrypi kernel: [    0.212718] TCP bind hash table entries: 8192 (order: 4, 65536 bytes)
Nov 19 13:25:45 raspberrypi kernel: [    0.212904] TCP: Hash tables configured (established 8192 bind 8192)
Nov 19 13:25:45 raspberrypi kernel: [    0.213038] UDP hash table entries: 512 (order: 2, 16384 bytes)
Nov 19 13:25:45 raspberrypi kernel: [    0.213085] UDP-Lite hash table entries: 512 (order: 2, 16384 bytes)
Nov 19 13:25:45 raspberrypi kernel: [    0.213396] NET: Registered protocol family 1
Nov 19 13:25:45 raspberrypi kernel: [    0.213984] RPC: Registered named UNIX socket transport module.
Nov 19 13:25:45 raspberrypi kernel: [    0.213990] RPC: Registered udp transport module.
Nov 19 13:25:45 raspberrypi kernel: [    0.213995] RPC: Registered tcp transport module.
Nov 19 13:25:45 raspberrypi kernel: [    0.214001] RPC: Registered tcp NFSv4.1 backchannel transport module.
Nov 19 13:25:45 raspberrypi kernel: [    0.215743] hw perfevents: enabled with armv7_cortex_a7 PMU driver, 7 counters available
Nov 19 13:25:45 raspberrypi kernel: [    0.218737] Initialise system trusted keyrings
Nov 19 13:25:45 raspberrypi kernel: [    0.218917] workingset: timestamp_bits=14 max_order=18 bucket_order=4
Nov 19 13:25:45 raspberrypi kernel: [    0.228719] FS-Cache: Netfs 'nfs' registered for caching
Nov 19 13:25:45 raspberrypi kernel: [    0.229275] NFS: Registering the id_resolver key type
Nov 19 13:25:45 raspberrypi kernel: [    0.229302] Key type id_resolver registered
Nov 19 13:25:45 raspberrypi kernel: [    0.229308] Key type id_legacy registered
Nov 19 13:25:45 raspberrypi kernel: [    0.229324] nfs4filelayout_init: NFSv4 File Layout Driver Registering...
Nov 19 13:25:45 raspberrypi kernel: [    0.231576] Key type asymmetric registered
Nov 19 13:25:45 raspberrypi kernel: [    0.231585] Asymmetric key parser 'x509' registered
Nov 19 13:25:45 raspberrypi kernel: [    0.231633] Block layer SCSI generic (bsg) driver version 0.4 loaded (major 250)
Nov 19 13:25:45 raspberrypi kernel: [    0.231782] io scheduler noop registered
Nov 19 13:25:45 raspberrypi kernel: [    0.231789] io scheduler deadline registered (default)
Nov 19 13:25:45 raspberrypi kernel: [    0.232057] io scheduler cfq registered
Nov 19 13:25:45 raspberrypi kernel: [    0.232065] io scheduler mq-deadline registered (default)
Nov 19 13:25:45 raspberrypi kernel: [    0.232071] io scheduler kyber registered
Nov 19 13:25:45 raspberrypi kernel: [    0.234274] bcm2708_fb soc:fb: FB found 1 display(s)
Nov 19 13:25:45 raspberrypi kernel: [    0.243598] Console: switching to colour frame buffer device 82x26
Nov 19 13:25:45 raspberrypi kernel: [    0.248028] bcm2708_fb soc:fb: Registered framebuffer for display 0, size 656x416
Nov 19 13:25:45 raspberrypi kernel: [    0.250051] bcm2835-rng 3f104000.rng: hwrng registered
Nov 19 13:25:45 raspberrypi kernel: [    0.250360] vc-mem: phys_addr:0x00000000 mem_base=0x3ec00000 mem_size:0x40000000(1024 MiB)
Nov 19 13:25:45 raspberrypi kernel: [    0.250897] vc-sm: Videocore shared memory driver
Nov 19 13:25:45 raspberrypi kernel: [    0.251210] gpiomem-bcm2835 3f200000.gpiomem: Initialised: Registers at 0x3f200000
Nov 19 13:25:45 raspberrypi kernel: [    0.261969] brd: module loaded
Nov 19 13:25:45 raspberrypi kernel: [    0.272126] loop: module loaded
Nov 19 13:25:45 raspberrypi kernel: [    0.272702] Loading iSCSI transport class v2.0-870.
Nov 19 13:25:45 raspberrypi kernel: [    0.273385] libphy: Fixed MDIO Bus: probed
Nov 19 13:25:45 raspberrypi kernel: [    0.273492] usbcore: registered new interface driver lan78xx
Nov 19 13:25:45 raspberrypi kernel: [    0.273548] usbcore: registered new interface driver smsc95xx
Nov 19 13:25:45 raspberrypi kernel: [    0.273563] dwc_otg: version 3.00a 10-AUG-2012 (platform bus)
Nov 19 13:25:45 raspberrypi kernel: [    0.301403] dwc_otg 3f980000.usb: base=(ptrval)
Nov 19 13:25:45 raspberrypi kernel: [    0.501630] Core Release: 2.80a
Nov 19 13:25:45 raspberrypi kernel: [    0.501640] Setting default values for core params
Nov 19 13:25:45 raspberrypi kernel: [    0.501670] Finished setting default values for core params
Nov 19 13:25:45 raspberrypi kernel: [    0.702021] Using Buffer DMA mode
Nov 19 13:25:45 raspberrypi kernel: [    0.702028] Periodic Transfer Interrupt Enhancement - disabled
Nov 19 13:25:45 raspberrypi kernel: [    0.702033] Multiprocessor Interrupt Enhancement - disabled
Nov 19 13:25:45 raspberrypi kernel: [    0.702040] OTG VER PARAM: 0, OTG VER FLAG: 0
Nov 19 13:25:45 raspberrypi kernel: [    0.702055] Dedicated Tx FIFOs mode
Nov 19 13:25:45 raspberrypi kernel: [    0.702513] WARN::dwc_otg_hcd_init:1045: FIQ DMA bounce buffers: virt = bad14000 dma = 0xfad14000 len=9024
Nov 19 13:25:45 raspberrypi kernel: [    0.702539] FIQ FSM acceleration enabled for :
Nov 19 13:25:45 raspberrypi kernel: [    0.702539] Non-periodic Split Transactions
Nov 19 13:25:45 raspberrypi kernel: [    0.702539] Periodic Split Transactions
Nov 19 13:25:45 raspberrypi kernel: [    0.702539] High-Speed Isochronous Endpoints
Nov 19 13:25:45 raspberrypi kernel: [    0.702539] Interrupt/Control Split Transaction hack enabled
Nov 19 13:25:45 raspberrypi kernel: [    0.702546] dwc_otg: Microframe scheduler enabled
Nov 19 13:25:45 raspberrypi kernel: [    0.702605] WARN::hcd_init_fiq:457: FIQ on core 1
Nov 19 13:25:45 raspberrypi kernel: [    0.702617] WARN::hcd_init_fiq:458: FIQ ASM at 80655664 length 36
Nov 19 13:25:45 raspberrypi kernel: [    0.702630] WARN::hcd_init_fiq:497: MPHI regs_base at bb810000
Nov 19 13:25:45 raspberrypi kernel: [    0.702647] dwc_otg 3f980000.usb: DWC OTG Controller
Nov 19 13:25:45 raspberrypi kernel: [    0.702681] dwc_otg 3f980000.usb: new USB bus registered, assigned bus number 1
Nov 19 13:25:45 raspberrypi kernel: [    0.702716] dwc_otg 3f980000.usb: irq 56, io mem 0x00000000
Nov 19 13:25:45 raspberrypi kernel: [    0.702764] Init: Port Power? op_state=1
Nov 19 13:25:45 raspberrypi kernel: [    0.702770] Init: Power Port (0)
Nov 19 13:25:45 raspberrypi kernel: [    0.703023] usb usb1: New USB device found, idVendor=1d6b, idProduct=0002, bcdDevice= 4.19
Nov 19 13:25:45 raspberrypi kernel: [    0.703034] usb usb1: New USB device strings: Mfr=3, Product=2, SerialNumber=1
Nov 19 13:25:45 raspberrypi kernel: [    0.703044] usb usb1: Product: DWC OTG Controller
Nov 19 13:25:45 raspberrypi kernel: [    0.703053] usb usb1: Manufacturer: Linux 4.19.75-v7+ dwc_otg_hcd
Nov 19 13:25:45 raspberrypi kernel: [    0.703062] usb usb1: SerialNumber: 3f980000.usb
Nov 19 13:25:45 raspberrypi kernel: [    0.703676] hub 1-0:1.0: USB hub found
Nov 19 13:25:45 raspberrypi kernel: [    0.703722] hub 1-0:1.0: 1 port detected
Nov 19 13:25:45 raspberrypi kernel: [    0.704300] dwc_otg: FIQ enabled
Nov 19 13:25:45 raspberrypi kernel: [    0.704306] dwc_otg: NAK holdoff enabled
Nov 19 13:25:45 raspberrypi kernel: [    0.704312] dwc_otg: FIQ split-transaction FSM enabled
Nov 19 13:25:45 raspberrypi kernel: [    0.704322] Module dwc_common_port init
Nov 19 13:25:45 raspberrypi kernel: [    0.704586] usbcore: registered new interface driver usb-storage
Nov 19 13:25:45 raspberrypi kernel: [    0.704761] mousedev: PS/2 mouse device common for all mice
Nov 19 13:25:45 raspberrypi kernel: [    0.705585] bcm2835-wdt bcm2835-wdt: Broadcom BCM2835 watchdog timer
Nov 19 13:25:45 raspberrypi kernel: [    0.705822] bcm2835-cpufreq: min=600000 max=1400000
Nov 19 13:25:45 raspberrypi kernel: [    0.706284] sdhci: Secure Digital Host Controller Interface driver
Nov 19 13:25:45 raspberrypi kernel: [    0.706289] sdhci: Copyright(c) Pierre Ossman
Nov 19 13:25:45 raspberrypi kernel: [    0.706655] mmc-bcm2835 3f300000.mmcnr: could not get clk, deferring probe
Nov 19 13:25:45 raspberrypi kernel: [    0.707031] sdhost-bcm2835 3f202000.mmc: could not get clk, deferring probe
Nov 19 13:25:45 raspberrypi kernel: [    0.707156] sdhci-pltfm: SDHCI platform and OF driver helper
Nov 19 13:25:45 raspberrypi kernel: [    0.708713] ledtrig-cpu: registered to indicate activity on CPUs
Nov 19 13:25:45 raspberrypi kernel: [    0.708861] hidraw: raw HID events driver (C) Jiri Kosina
Nov 19 13:25:45 raspberrypi kernel: [    0.709059] usbcore: registered new interface driver usbhid
Nov 19 13:25:45 raspberrypi kernel: [    0.709065] usbhid: USB HID core driver
Nov 19 13:25:45 raspberrypi kernel: [    0.709824] vchiq: vchiq_init_state: slot_zero = (ptrval), is_master = 0
Nov 19 13:25:45 raspberrypi kernel: [    0.711356] [vc_sm_connected_init]: start
Nov 19 13:25:45 raspberrypi kernel: [    0.720016] [vc_sm_connected_init]: end - returning 0
Nov 19 13:25:45 raspberrypi kernel: [    0.721098] Initializing XFRM netlink socket
Nov 19 13:25:45 raspberrypi kernel: [    0.721123] NET: Registered protocol family 17
Nov 19 13:25:45 raspberrypi kernel: [    0.721232] Key type dns_resolver registered
Nov 19 13:25:45 raspberrypi kernel: [    0.721913] Registering SWP/SWPB emulation handler
Nov 19 13:25:45 raspberrypi kernel: [    0.722603] registered taskstats version 1
Nov 19 13:25:45 raspberrypi kernel: [    0.722620] Loading compiled-in X.509 certificates
Nov 19 13:25:45 raspberrypi kernel: [    0.729875] uart-pl011 3f201000.serial: cts_event_workaround enabled
Nov 19 13:25:45 raspberrypi kernel: [    0.729954] 3f201000.serial: ttyAMA0 at MMIO 0x3f201000 (irq = 81, base_baud = 0) is a PL011 rev2
Nov 19 13:25:45 raspberrypi kernel: [    0.731903] mmc-bcm2835 3f300000.mmcnr: mmc_debug:0 mmc_debug2:0
Nov 19 13:25:45 raspberrypi kernel: [    0.731913] mmc-bcm2835 3f300000.mmcnr: DMA channel allocated
Nov 19 13:25:45 raspberrypi kernel: [    0.758105] sdhost: log_buf @ (ptrval) (fad13000)
Nov 19 13:25:45 raspberrypi kernel: [    0.794427] mmc1: queuing unknown CIS tuple 0x80 (2 bytes)
Nov 19 13:25:45 raspberrypi kernel: [    0.796007] mmc1: queuing unknown CIS tuple 0x80 (3 bytes)
Nov 19 13:25:45 raspberrypi kernel: [    0.797588] mmc1: queuing unknown CIS tuple 0x80 (3 bytes)
Nov 19 13:25:45 raspberrypi kernel: [    0.800420] mmc1: queuing unknown CIS tuple 0x80 (7 bytes)
Nov 19 13:25:45 raspberrypi kernel: [    0.806545] mmc0: sdhost-bcm2835 loaded - DMA enabled (>1)
Nov 19 13:25:45 raspberrypi kernel: [    0.807827] of_cfs_init
Nov 19 13:25:45 raspberrypi kernel: [    0.807929] of_cfs_init: OK
Nov 19 13:25:45 raspberrypi kernel: [    0.808526] Waiting for root device PARTUUID=73528744-02...
Nov 19 13:25:45 raspberrypi kernel: [    0.874028] random: fast init done
Nov 19 13:25:45 raspberrypi kernel: [    0.879105] mmc0: host does not support reading read-only switch, assuming write-enable
Nov 19 13:25:45 raspberrypi kernel: [    0.882027] mmc0: new high speed SDHC card at address 1388
Nov 19 13:25:45 raspberrypi kernel: [    0.885460] mmc1: new high speed SDIO card at address 0001
Nov 19 13:25:45 raspberrypi kernel: [    0.886033] mmcblk0: mmc0:1388 USD00 14.7 GiB
Nov 19 13:25:45 raspberrypi kernel: [    0.887947]  mmcblk0: p1 p2
Nov 19 13:25:45 raspberrypi kernel: [    0.902649] EXT4-fs (mmcblk0p2): mounted filesystem with ordered data mode. Opts: (null)
Nov 19 13:25:45 raspberrypi kernel: [    0.902701] VFS: Mounted root (ext4 filesystem) readonly on device 179:2.
Nov 19 13:25:45 raspberrypi kernel: [    0.903459] devtmpfs: mounted
Nov 19 13:25:45 raspberrypi kernel: [    0.908774] Freeing unused kernel memory: 1024K
Nov 19 13:25:45 raspberrypi kernel: [    0.921993] Indeed it is in host mode hprt0 = 00021501
Nov 19 13:25:45 raspberrypi kernel: [    0.982393] Run /sbin/init as init process
Nov 19 13:25:45 raspberrypi kernel: [    1.131873] usb 1-1: new high-speed USB device number 2 using dwc_otg
Nov 19 13:25:45 raspberrypi kernel: [    1.132009] Indeed it is in host mode hprt0 = 00001101
Nov 19 13:25:45 raspberrypi kernel: [    1.372162] usb 1-1: New USB device found, idVendor=0424, idProduct=2514, bcdDevice= b.b3
Nov 19 13:25:45 raspberrypi kernel: [    1.372177] usb 1-1: New USB device strings: Mfr=0, Product=0, SerialNumber=0
Nov 19 13:25:45 raspberrypi kernel: [    1.372815] hub 1-1:1.0: USB hub found
Nov 19 13:25:45 raspberrypi kernel: [    1.372909] hub 1-1:1.0: 4 ports detected
Nov 19 13:25:45 raspberrypi kernel: [    1.691866] usb 1-1.1: new high-speed USB device number 3 using dwc_otg
Nov 19 13:25:45 raspberrypi kernel: [    1.723551] NET: Registered protocol family 10
Nov 19 13:25:45 raspberrypi kernel: [    1.724826] Segment Routing with IPv6
Nov 19 13:25:45 raspberrypi kernel: [    1.822469] usb 1-1.1: New USB device found, idVendor=0424, idProduct=2514, bcdDevice= b.b3
Nov 19 13:25:45 raspberrypi kernel: [    1.822485] usb 1-1.1: New USB device strings: Mfr=0, Product=0, SerialNumber=0
Nov 19 13:25:45 raspberrypi kernel: [    1.823346] hub 1-1.1:1.0: USB hub found
Nov 19 13:25:45 raspberrypi kernel: [    1.823472] hub 1-1.1:1.0: 3 ports detected
Nov 19 13:25:45 raspberrypi kernel: [    2.176670] dwc_otg_handle_wakeup_detected_intr lxstate = 2
Nov 19 13:25:45 raspberrypi kernel: [    2.571865] usb 1-1.1.1: new high-speed USB device number 4 using dwc_otg
Nov 19 13:25:45 raspberrypi kernel: [    2.669945] random: systemd: uninitialized urandom read (16 bytes read)
Nov 19 13:25:45 raspberrypi kernel: [    2.681733] random: systemd: uninitialized urandom read (16 bytes read)
Nov 19 13:25:45 raspberrypi kernel: [    2.682351] random: systemd: uninitialized urandom read (16 bytes read)
Nov 19 13:25:45 raspberrypi kernel: [    2.702623] usb 1-1.1.1: New USB device found, idVendor=0424, idProduct=7800, bcdDevice= 3.00
Nov 19 13:25:45 raspberrypi kernel: [    2.702654] usb 1-1.1.1: New USB device strings: Mfr=0, Product=0, SerialNumber=0
Nov 19 13:25:45 raspberrypi kernel: [    2.909804] i2c /dev entries driver
Nov 19 13:25:45 raspberrypi kernel: [    2.972469] lan78xx 1-1.1.1:1.0 (unnamed net_device) (uninitialized): No External EEPROM. Setting MAC Speed
Nov 19 13:25:45 raspberrypi kernel: [    2.973607] libphy: lan78xx-mdiobus: probed
Nov 19 13:25:45 raspberrypi kernel: [    2.994521] lan78xx 1-1.1.1:1.0 (unnamed net_device) (uninitialized): int urb period 64
Nov 19 13:25:45 raspberrypi kernel: [    3.387595] EXT4-fs (mmcblk0p2): re-mounted. Opts: (null)
Nov 19 13:25:45 raspberrypi kernel: [    4.387616] media: Linux media interface: v0.10
Nov 19 13:25:45 raspberrypi kernel: [    4.409135] vc_sm_cma: module is from the staging directory, the quality is unknown, you have been warned.
Nov 19 13:25:45 raspberrypi kernel: [    4.413851] bcm2835_vc_sm_cma_probe: Videocore shared memory driver
Nov 19 13:25:45 raspberrypi kernel: [    4.413871] [vc_sm_connected_init]: start
Nov 19 13:25:45 raspberrypi kernel: [    4.423520] [vc_sm_connected_init]: installed successfully
Nov 19 13:25:45 raspberrypi kernel: [    4.423769] videodev: Linux video capture interface: v2.00
Nov 19 13:25:45 raspberrypi kernel: [    4.494318] bcm2835_mmal_vchiq: module is from the staging directory, the quality is unknown, you have been warned.
Nov 19 13:25:45 raspberrypi kernel: [    4.494323] bcm2835_mmal_vchiq: module is from the staging directory, the quality is unknown, you have been warned.
Nov 19 13:25:45 raspberrypi kernel: [    4.508699] bcm2835_v4l2: module is from the staging directory, the quality is unknown, you have been warned.
Nov 19 13:25:45 raspberrypi kernel: [    4.516025] snd_bcm2835: module is from the staging directory, the quality is unknown, you have been warned.
Nov 19 13:25:45 raspberrypi kernel: [    4.527685] bcm2835_codec: module is from the staging directory, the quality is unknown, you have been warned.
Nov 19 13:25:45 raspberrypi kernel: [    4.528516] bcm2835_audio soc:audio: card created with 8 channels
Nov 19 13:25:45 raspberrypi kernel: [    4.573060] bcm2835-codec bcm2835-codec: Device registered as /dev/video10
Nov 19 13:25:45 raspberrypi kernel: [    4.573108] bcm2835-codec bcm2835-codec: Loaded V4L2 decode
Nov 19 13:25:45 raspberrypi kernel: [    4.584802] bcm2835-codec bcm2835-codec: Device registered as /dev/video11
Nov 19 13:25:45 raspberrypi kernel: [    4.584841] bcm2835-codec bcm2835-codec: Loaded V4L2 encode
Nov 19 13:25:45 raspberrypi kernel: [    4.592451] bcm2835-codec bcm2835-codec: Device registered as /dev/video12
Nov 19 13:25:45 raspberrypi kernel: [    4.592485] bcm2835-codec bcm2835-codec: Loaded V4L2 isp
Nov 19 13:25:45 raspberrypi kernel: [    4.736912] cfg80211: Loading compiled-in X.509 certificates for regulatory database
Nov 19 13:25:45 raspberrypi kernel: [    4.877777] cfg80211: Loaded X.509 cert 'sforshee: 00b28ddf47aef9cea7'
Nov 19 13:25:45 raspberrypi kernel: [    4.989026] brcmfmac: F1 signature read @0x18000000=0x15264345
Nov 19 13:25:45 raspberrypi kernel: [    5.002147] brcmfmac: brcmf_fw_alloc_request: using brcm/brcmfmac43455-sdio for chip BCM4345/6
Nov 19 13:25:45 raspberrypi kernel: [    5.002975] usbcore: registered new interface driver brcmfmac
Nov 19 13:25:45 raspberrypi kernel: [    5.232686] brcmfmac: brcmf_fw_alloc_request: using brcm/brcmfmac43455-sdio for chip BCM4345/6
Nov 19 13:25:45 raspberrypi kernel: [    5.290991] brcmfmac: brcmf_c_preinit_dcmds: Firmware: BCM4345/6 wl0: Feb 27 2018 03:15:32 version 7.45.154 (r684107 CY) FWID 01-4fbe0b04
Nov 19 13:25:45 raspberrypi kernel: [    5.334982] random: crng init done
Nov 19 13:25:45 raspberrypi kernel: [    5.334999] random: 7 urandom warning(s) missed due to ratelimiting
Nov 19 13:25:45 raspberrypi kernel: [    7.094391] uart-pl011 3f201000.serial: no DMA platform data
Nov 19 13:25:45 raspberrypi kernel: [    7.163845] 8021q: 802.1Q VLAN Support v1.8
Nov 19 13:25:45 raspberrypi kernel: [    7.479315] Adding 102396k swap on /var/swap.  Priority:-2 extents:1 across:102396k SSFS
Nov 19 13:25:45 raspberrypi kernel: [    7.581596] IPv6: ADDRCONF(NETDEV_UP): wlan0: link is not ready
Nov 19 13:25:45 raspberrypi kernel: [    7.581606] brcmfmac: power management disabled
Nov 19 13:25:46 raspberrypi kernel: [    7.900432] IPv6: ADDRCONF(NETDEV_UP): eth0: link is not ready
Nov 19 13:25:46 raspberrypi kernel: [    7.900446] 8021q: adding VLAN 0 to HW filter on device eth0
Nov 19 13:25:47 raspberrypi kernel: [    8.930593] IPv6: ADDRCONF(NETDEV_CHANGE): eth0: link becomes ready
Nov 19 13:25:49 raspberrypi kernel: [   10.913522] IPv6: ADDRCONF(NETDEV_CHANGE): wlan0: link becomes ready
Nov 19 13:25:51 raspberrypi kernel: [   13.770850] Bluetooth: Core ver 2.22
Nov 19 13:25:51 raspberrypi kernel: [   13.770925] NET: Registered protocol family 31
Nov 19 13:25:51 raspberrypi kernel: [   13.770928] Bluetooth: HCI device and connection manager initialized
Nov 19 13:25:51 raspberrypi kernel: [   13.772352] Bluetooth: HCI socket layer initialized
Nov 19 13:25:51 raspberrypi kernel: [   13.772365] Bluetooth: L2CAP socket layer initialized
Nov 19 13:25:51 raspberrypi kernel: [   13.772400] Bluetooth: SCO socket layer initialized
Nov 19 13:25:51 raspberrypi kernel: [   13.793542] Bluetooth: HCI UART driver ver 2.3
Nov 19 13:25:51 raspberrypi kernel: [   13.793554] Bluetooth: HCI UART protocol H4 registered
Nov 19 13:25:51 raspberrypi kernel: [   13.793613] Bluetooth: HCI UART protocol Three-wire (H5) registered
Nov 19 13:25:51 raspberrypi kernel: [   13.793743] Bluetooth: HCI UART protocol Broadcom registered
Nov 19 13:25:52 raspberrypi kernel: [   14.359554] Bluetooth: BNEP (Ethernet Emulation) ver 1.3
Nov 19 13:25:52 raspberrypi kernel: [   14.359561] Bluetooth: BNEP filters: protocol multicast
Nov 19 13:25:52 raspberrypi kernel: [   14.359574] Bluetooth: BNEP socket layer initialized
Nov 19 13:25:52 raspberrypi kernel: [   14.451430] Bluetooth: RFCOMM TTY layer initialized
Nov 19 13:25:52 raspberrypi kernel: [   14.451455] Bluetooth: RFCOMM socket layer initialized
Nov 19 13:25:52 raspberrypi kernel: [   14.451481] Bluetooth: RFCOMM ver 1.11
Nov 19 13:25:54 raspberrypi kernel: [   16.212391] fuse init (API version 7.27)
Nov 19 14:10:24 raspberrypi kernel: [    0.000000] Booting Linux on physical CPU 0x0
Nov 19 14:10:24 raspberrypi kernel: [    0.000000] Linux version 4.19.75-v7+ (dom@buildbot) (gcc version 4.9.3 (crosstool-NG crosstool-ng-1.22.0-88-g8460611)) #1270 SMP Tue Sep 24 18:45:11 BST 2019
Nov 19 14:10:24 raspberrypi kernel: [    0.000000] CPU: ARMv7 Processor [410fd034] revision 4 (ARMv7), cr=10c5383d
Nov 19 14:10:24 raspberrypi kernel: [    0.000000] CPU: div instructions available: patching division code
Nov 19 14:10:24 raspberrypi kernel: [    0.000000] CPU: PIPT / VIPT nonaliasing data cache, VIPT aliasing instruction cache
Nov 19 14:10:24 raspberrypi kernel: [    0.000000] OF: fdt: Machine model: Raspberry Pi 3 Model B Plus Rev 1.3
Nov 19 14:10:24 raspberrypi kernel: [    0.000000] Memory policy: Data cache writealloc
Nov 19 14:10:24 raspberrypi kernel: [    0.000000] cma: Reserved 8 MiB at 0x3ac00000
Nov 19 14:10:24 raspberrypi kernel: [    0.000000] On node 0 totalpages: 242688
Nov 19 14:10:24 raspberrypi kernel: [    0.000000]   Normal zone: 2133 pages used for memmap
Nov 19 14:10:24 raspberrypi kernel: [    0.000000]   Normal zone: 0 pages reserved
Nov 19 14:10:24 raspberrypi kernel: [    0.000000]   Normal zone: 242688 pages, LIFO batch:63
Nov 19 14:10:24 raspberrypi kernel: [    0.000000] random: get_random_bytes called from start_kernel+0xac/0x4b4 with crng_init=0
Nov 19 14:10:24 raspberrypi kernel: [    0.000000] percpu: Embedded 17 pages/cpu s39488 r8192 d21952 u69632
Nov 19 14:10:24 raspberrypi kernel: [    0.000000] pcpu-alloc: s39488 r8192 d21952 u69632 alloc=17*4096
Nov 19 14:10:24 raspberrypi kernel: [    0.000000] pcpu-alloc: [0] 0 [0] 1 [0] 2 [0] 3 
Nov 19 14:10:24 raspberrypi kernel: [    0.000000] Built 1 zonelists, mobility grouping on.  Total pages: 240555
Nov 19 14:10:24 raspberrypi kernel: [    0.000000] Kernel command line: coherent_pool=1M 8250.nr_uarts=0 bcm2708_fb.fbwidth=656 bcm2708_fb.fbheight=416 bcm2708_fb.fbswap=1 vc_mem.mem_base=0x3ec00000 vc_mem.mem_size=0x40000000  dwc_otg.lpm_enable=0 console=ttyS0,115200 console=tty1 root=PARTUUID=73528744-02 rootfstype=ext4 elevator=deadline fsck.repair=yes rootwait quiet splash plymouth.ignore-serial-consoles
Nov 19 14:10:24 raspberrypi kernel: [    0.000000] Dentry cache hash table entries: 131072 (order: 7, 524288 bytes)
Nov 19 14:10:24 raspberrypi kernel: [    0.000000] Inode-cache hash table entries: 65536 (order: 6, 262144 bytes)
Nov 19 14:10:24 raspberrypi kernel: [    0.000000] Memory: 939088K/970752K available (8192K kernel code, 629K rwdata, 2176K rodata, 1024K init, 821K bss, 23472K reserved, 8192K cma-reserved)
Nov 19 14:10:24 raspberrypi kernel: [    0.000000] Virtual kernel memory layout:
Nov 19 14:10:24 raspberrypi kernel: [    0.000000]     vector  : 0xffff0000 - 0xffff1000   (   4 kB)
Nov 19 14:10:24 raspberrypi kernel: [    0.000000]     fixmap  : 0xffc00000 - 0xfff00000   (3072 kB)
Nov 19 14:10:24 raspberrypi kernel: [    0.000000]     vmalloc : 0xbb800000 - 0xff800000   (1088 MB)
Nov 19 14:10:24 raspberrypi kernel: [    0.000000]     lowmem  : 0x80000000 - 0xbb400000   ( 948 MB)
Nov 19 14:10:24 raspberrypi kernel: [    0.000000]     modules : 0x7f000000 - 0x80000000   (  16 MB)
Nov 19 14:10:24 raspberrypi kernel: [    0.000000]       .text : 0x(ptrval) - 0x(ptrval)   (9184 kB)
Nov 19 14:10:24 raspberrypi kernel: [    0.000000]       .init : 0x(ptrval) - 0x(ptrval)   (1024 kB)
Nov 19 14:10:24 raspberrypi kernel: [    0.000000]       .data : 0x(ptrval) - 0x(ptrval)   ( 630 kB)
Nov 19 14:10:24 raspberrypi kernel: [    0.000000]        .bss : 0x(ptrval) - 0x(ptrval)   ( 822 kB)
Nov 19 14:10:24 raspberrypi kernel: [    0.000000] SLUB: HWalign=64, Order=0-3, MinObjects=0, CPUs=4, Nodes=1
Nov 19 14:10:24 raspberrypi kernel: [    0.000000] ftrace: allocating 26399 entries in 78 pages
Nov 19 14:10:24 raspberrypi kernel: [    0.000000] rcu: Hierarchical RCU implementation.
Nov 19 14:10:24 raspberrypi kernel: [    0.000000] NR_IRQS: 16, nr_irqs: 16, preallocated irqs: 16
Nov 19 14:10:24 raspberrypi kernel: [    0.000000] arch_timer: cp15 timer(s) running at 19.20MHz (phys).
Nov 19 14:10:24 raspberrypi kernel: [    0.000000] clocksource: arch_sys_counter: mask: 0xffffffffffffff max_cycles: 0x46d987e47, max_idle_ns: 440795202767 ns
Nov 19 14:10:24 raspberrypi kernel: [    0.000007] sched_clock: 56 bits at 19MHz, resolution 52ns, wraps every 4398046511078ns
Nov 19 14:10:24 raspberrypi kernel: [    0.000019] Switching to timer-based delay loop, resolution 52ns
Nov 19 14:10:24 raspberrypi kernel: [    0.000282] Console: colour dummy device 80x30
Nov 19 14:10:24 raspberrypi kernel: [    0.000301] console [tty1] enabled
Nov 19 14:10:24 raspberrypi kernel: [    0.000345] Calibrating delay loop (skipped), value calculated using timer frequency.. 38.40 BogoMIPS (lpj=192000)
Nov 19 14:10:24 raspberrypi kernel: [    0.000362] pid_max: default: 32768 minimum: 301
Nov 19 14:10:24 raspberrypi kernel: [    0.000706] Mount-cache hash table entries: 2048 (order: 1, 8192 bytes)
Nov 19 14:10:24 raspberrypi kernel: [    0.000721] Mountpoint-cache hash table entries: 2048 (order: 1, 8192 bytes)
Nov 19 14:10:24 raspberrypi kernel: [    0.001641] CPU: Testing write buffer coherency: ok
Nov 19 14:10:24 raspberrypi kernel: [    0.002106] CPU0: thread -1, cpu 0, socket 0, mpidr 80000000
Nov 19 14:10:24 raspberrypi kernel: [    0.002759] Setting up static identity map for 0x100000 - 0x10003c
Nov 19 14:10:24 raspberrypi kernel: [    0.002906] rcu: Hierarchical SRCU implementation.
Nov 19 14:10:24 raspberrypi kernel: [    0.003698] smp: Bringing up secondary CPUs ...
Nov 19 14:10:24 raspberrypi kernel: [    0.004537] CPU1: thread -1, cpu 1, socket 0, mpidr 80000001
Nov 19 14:10:24 raspberrypi kernel: [    0.005460] CPU2: thread -1, cpu 2, socket 0, mpidr 80000002
Nov 19 14:10:24 raspberrypi kernel: [    0.006324] CPU3: thread -1, cpu 3, socket 0, mpidr 80000003
Nov 19 14:10:24 raspberrypi kernel: [    0.006448] smp: Brought up 1 node, 4 CPUs
Nov 19 14:10:24 raspberrypi kernel: [    0.006460] SMP: Total of 4 processors activated (153.60 BogoMIPS).
Nov 19 14:10:24 raspberrypi kernel: [    0.006466] CPU: All CPU(s) started in HYP mode.
Nov 19 14:10:24 raspberrypi kernel: [    0.006471] CPU: Virtualization extensions available.
Nov 19 14:10:24 raspberrypi kernel: [    0.007442] devtmpfs: initialized
Nov 19 14:10:24 raspberrypi kernel: [    0.020798] VFP support v0.3: implementor 41 architecture 3 part 40 variant 3 rev 4
Nov 19 14:10:24 raspberrypi kernel: [    0.021035] clocksource: jiffies: mask: 0xffffffff max_cycles: 0xffffffff, max_idle_ns: 19112604462750000 ns
Nov 19 14:10:24 raspberrypi kernel: [    0.021054] futex hash table entries: 1024 (order: 4, 65536 bytes)
Nov 19 14:10:24 raspberrypi kernel: [    0.021650] pinctrl core: initialized pinctrl subsystem
Nov 19 14:10:24 raspberrypi kernel: [    0.022501] NET: Registered protocol family 16
Nov 19 14:10:24 raspberrypi kernel: [    0.025553] DMA: preallocated 1024 KiB pool for atomic coherent allocations
Nov 19 14:10:24 raspberrypi kernel: [    0.031302] hw-breakpoint: found 5 (+1 reserved) breakpoint and 4 watchpoint registers.
Nov 19 14:10:24 raspberrypi kernel: [    0.031310] hw-breakpoint: maximum watchpoint size is 8 bytes.
Nov 19 14:10:24 raspberrypi kernel: [    0.031515] Serial: AMBA PL011 UART driver
Nov 19 14:10:24 raspberrypi kernel: [    0.033805] bcm2835-mbox 3f00b880.mailbox: mailbox enabled
Nov 19 14:10:24 raspberrypi kernel: [    0.068721] bcm2835-dma 3f007000.dma: DMA legacy API manager at (ptrval), dmachans=0x1
Nov 19 14:10:24 raspberrypi kernel: [    0.070417] SCSI subsystem initialized
Nov 19 14:10:24 raspberrypi kernel: [    0.070645] usbcore: registered new interface driver usbfs
Nov 19 14:10:24 raspberrypi kernel: [    0.070700] usbcore: registered new interface driver hub
Nov 19 14:10:24 raspberrypi kernel: [    0.070794] usbcore: registered new device driver usb
Nov 19 14:10:24 raspberrypi kernel: [    0.090123] raspberrypi-firmware soc:firmware: Attached to firmware from 2019-09-24 17:37, variant start
Nov 19 14:10:24 raspberrypi kernel: [    0.100395] raspberrypi-firmware soc:firmware: Firmware hash is 6820edeee4ef3891b95fc01cf02a7abd7ca52f17
Nov 19 14:10:24 raspberrypi kernel: [    0.111798] clocksource: Switched to clocksource arch_sys_counter
Nov 19 14:10:24 raspberrypi kernel: [    0.201365] VFS: Disk quotas dquot_6.6.0
Nov 19 14:10:24 raspberrypi kernel: [    0.201447] VFS: Dquot-cache hash table entries: 1024 (order 0, 4096 bytes)
Nov 19 14:10:24 raspberrypi kernel: [    0.201605] FS-Cache: Loaded
Nov 19 14:10:24 raspberrypi kernel: [    0.201840] CacheFiles: Loaded
Nov 19 14:10:24 raspberrypi kernel: [    0.211772] NET: Registered protocol family 2
Nov 19 14:10:24 raspberrypi kernel: [    0.212570] tcp_listen_portaddr_hash hash table entries: 512 (order: 0, 6144 bytes)
Nov 19 14:10:24 raspberrypi kernel: [    0.212612] TCP established hash table entries: 8192 (order: 3, 32768 bytes)
Nov 19 14:10:24 raspberrypi kernel: [    0.212722] TCP bind hash table entries: 8192 (order: 4, 65536 bytes)
Nov 19 14:10:24 raspberrypi kernel: [    0.212908] TCP: Hash tables configured (established 8192 bind 8192)
Nov 19 14:10:24 raspberrypi kernel: [    0.213041] UDP hash table entries: 512 (order: 2, 16384 bytes)
Nov 19 14:10:24 raspberrypi kernel: [    0.213087] UDP-Lite hash table entries: 512 (order: 2, 16384 bytes)
Nov 19 14:10:24 raspberrypi kernel: [    0.213398] NET: Registered protocol family 1
Nov 19 14:10:24 raspberrypi kernel: [    0.213954] RPC: Registered named UNIX socket transport module.
Nov 19 14:10:24 raspberrypi kernel: [    0.213960] RPC: Registered udp transport module.
Nov 19 14:10:24 raspberrypi kernel: [    0.213966] RPC: Registered tcp transport module.
Nov 19 14:10:24 raspberrypi kernel: [    0.213972] RPC: Registered tcp NFSv4.1 backchannel transport module.
Nov 19 14:10:24 raspberrypi kernel: [    0.215768] hw perfevents: enabled with armv7_cortex_a7 PMU driver, 7 counters available
Nov 19 14:10:24 raspberrypi kernel: [    0.218763] Initialise system trusted keyrings
Nov 19 14:10:24 raspberrypi kernel: [    0.218947] workingset: timestamp_bits=14 max_order=18 bucket_order=4
Nov 19 14:10:24 raspberrypi kernel: [    0.228740] FS-Cache: Netfs 'nfs' registered for caching
Nov 19 14:10:24 raspberrypi kernel: [    0.229310] NFS: Registering the id_resolver key type
Nov 19 14:10:24 raspberrypi kernel: [    0.229348] Key type id_resolver registered
Nov 19 14:10:24 raspberrypi kernel: [    0.229354] Key type id_legacy registered
Nov 19 14:10:24 raspberrypi kernel: [    0.229370] nfs4filelayout_init: NFSv4 File Layout Driver Registering...
Nov 19 14:10:24 raspberrypi kernel: [    0.231616] Key type asymmetric registered
Nov 19 14:10:24 raspberrypi kernel: [    0.231625] Asymmetric key parser 'x509' registered
Nov 19 14:10:24 raspberrypi kernel: [    0.231673] Block layer SCSI generic (bsg) driver version 0.4 loaded (major 250)
Nov 19 14:10:24 raspberrypi kernel: [    0.231889] io scheduler noop registered
Nov 19 14:10:24 raspberrypi kernel: [    0.231896] io scheduler deadline registered (default)
Nov 19 14:10:24 raspberrypi kernel: [    0.232085] io scheduler cfq registered
Nov 19 14:10:24 raspberrypi kernel: [    0.232093] io scheduler mq-deadline registered (default)
Nov 19 14:10:24 raspberrypi kernel: [    0.232099] io scheduler kyber registered
Nov 19 14:10:24 raspberrypi kernel: [    0.234290] bcm2708_fb soc:fb: FB found 1 display(s)
Nov 19 14:10:24 raspberrypi kernel: [    0.243723] Console: switching to colour frame buffer device 82x26
Nov 19 14:10:24 raspberrypi kernel: [    0.248151] bcm2708_fb soc:fb: Registered framebuffer for display 0, size 656x416
Nov 19 14:10:24 raspberrypi kernel: [    0.250216] bcm2835-rng 3f104000.rng: hwrng registered
Nov 19 14:10:24 raspberrypi kernel: [    0.250525] vc-mem: phys_addr:0x00000000 mem_base=0x3ec00000 mem_size:0x40000000(1024 MiB)
Nov 19 14:10:24 raspberrypi kernel: [    0.251066] vc-sm: Videocore shared memory driver
Nov 19 14:10:24 raspberrypi kernel: [    0.251380] gpiomem-bcm2835 3f200000.gpiomem: Initialised: Registers at 0x3f200000
Nov 19 14:10:24 raspberrypi kernel: [    0.262145] brd: module loaded
Nov 19 14:10:24 raspberrypi kernel: [    0.272290] loop: module loaded
Nov 19 14:10:24 raspberrypi kernel: [    0.272874] Loading iSCSI transport class v2.0-870.
Nov 19 14:10:24 raspberrypi kernel: [    0.273530] libphy: Fixed MDIO Bus: probed
Nov 19 14:10:24 raspberrypi kernel: [    0.273637] usbcore: registered new interface driver lan78xx
Nov 19 14:10:24 raspberrypi kernel: [    0.273693] usbcore: registered new interface driver smsc95xx
Nov 19 14:10:24 raspberrypi kernel: [    0.273708] dwc_otg: version 3.00a 10-AUG-2012 (platform bus)
Nov 19 14:10:24 raspberrypi kernel: [    0.302448] dwc_otg 3f980000.usb: base=(ptrval)
Nov 19 14:10:24 raspberrypi kernel: [    0.502689] Core Release: 2.80a
Nov 19 14:10:24 raspberrypi kernel: [    0.502699] Setting default values for core params
Nov 19 14:10:24 raspberrypi kernel: [    0.502729] Finished setting default values for core params
Nov 19 14:10:24 raspberrypi kernel: [    0.703014] Using Buffer DMA mode
Nov 19 14:10:24 raspberrypi kernel: [    0.703020] Periodic Transfer Interrupt Enhancement - disabled
Nov 19 14:10:24 raspberrypi kernel: [    0.703026] Multiprocessor Interrupt Enhancement - disabled
Nov 19 14:10:24 raspberrypi kernel: [    0.703033] OTG VER PARAM: 0, OTG VER FLAG: 0
Nov 19 14:10:24 raspberrypi kernel: [    0.703050] Dedicated Tx FIFOs mode
Nov 19 14:10:24 raspberrypi kernel: [    0.703504] WARN::dwc_otg_hcd_init:1045: FIQ DMA bounce buffers: virt = bad14000 dma = 0xfad14000 len=9024
Nov 19 14:10:24 raspberrypi kernel: [    0.703528] FIQ FSM acceleration enabled for :
Nov 19 14:10:24 raspberrypi kernel: [    0.703528] Non-periodic Split Transactions
Nov 19 14:10:24 raspberrypi kernel: [    0.703528] Periodic Split Transactions
Nov 19 14:10:24 raspberrypi kernel: [    0.703528] High-Speed Isochronous Endpoints
Nov 19 14:10:24 raspberrypi kernel: [    0.703528] Interrupt/Control Split Transaction hack enabled
Nov 19 14:10:24 raspberrypi kernel: [    0.703537] dwc_otg: Microframe scheduler enabled
Nov 19 14:10:24 raspberrypi kernel: [    0.703593] WARN::hcd_init_fiq:457: FIQ on core 1
Nov 19 14:10:24 raspberrypi kernel: [    0.703606] WARN::hcd_init_fiq:458: FIQ ASM at 80655664 length 36
Nov 19 14:10:24 raspberrypi kernel: [    0.703619] WARN::hcd_init_fiq:497: MPHI regs_base at bb810000
Nov 19 14:10:24 raspberrypi kernel: [    0.703636] dwc_otg 3f980000.usb: DWC OTG Controller
Nov 19 14:10:24 raspberrypi kernel: [    0.703671] dwc_otg 3f980000.usb: new USB bus registered, assigned bus number 1
Nov 19 14:10:24 raspberrypi kernel: [    0.703705] dwc_otg 3f980000.usb: irq 56, io mem 0x00000000
Nov 19 14:10:24 raspberrypi kernel: [    0.703753] Init: Port Power? op_state=1
Nov 19 14:10:24 raspberrypi kernel: [    0.703759] Init: Power Port (0)
Nov 19 14:10:24 raspberrypi kernel: [    0.704011] usb usb1: New USB device found, idVendor=1d6b, idProduct=0002, bcdDevice= 4.19
Nov 19 14:10:24 raspberrypi kernel: [    0.704022] usb usb1: New USB device strings: Mfr=3, Product=2, SerialNumber=1
Nov 19 14:10:24 raspberrypi kernel: [    0.704032] usb usb1: Product: DWC OTG Controller
Nov 19 14:10:24 raspberrypi kernel: [    0.704041] usb usb1: Manufacturer: Linux 4.19.75-v7+ dwc_otg_hcd
Nov 19 14:10:24 raspberrypi kernel: [    0.704050] usb usb1: SerialNumber: 3f980000.usb
Nov 19 14:10:24 raspberrypi kernel: [    0.704665] hub 1-0:1.0: USB hub found
Nov 19 14:10:24 raspberrypi kernel: [    0.704710] hub 1-0:1.0: 1 port detected
Nov 19 14:10:24 raspberrypi kernel: [    0.705290] dwc_otg: FIQ enabled
Nov 19 14:10:24 raspberrypi kernel: [    0.705296] dwc_otg: NAK holdoff enabled
Nov 19 14:10:24 raspberrypi kernel: [    0.705302] dwc_otg: FIQ split-transaction FSM enabled
Nov 19 14:10:24 raspberrypi kernel: [    0.705312] Module dwc_common_port init
Nov 19 14:10:24 raspberrypi kernel: [    0.705583] usbcore: registered new interface driver usb-storage
Nov 19 14:10:24 raspberrypi kernel: [    0.705759] mousedev: PS/2 mouse device common for all mice
Nov 19 14:10:24 raspberrypi kernel: [    0.706588] bcm2835-wdt bcm2835-wdt: Broadcom BCM2835 watchdog timer
Nov 19 14:10:24 raspberrypi kernel: [    0.706825] bcm2835-cpufreq: min=600000 max=1400000
Nov 19 14:10:24 raspberrypi kernel: [    0.707285] sdhci: Secure Digital Host Controller Interface driver
Nov 19 14:10:24 raspberrypi kernel: [    0.707290] sdhci: Copyright(c) Pierre Ossman
Nov 19 14:10:24 raspberrypi kernel: [    0.707661] mmc-bcm2835 3f300000.mmcnr: could not get clk, deferring probe
Nov 19 14:10:24 raspberrypi kernel: [    0.708041] sdhost-bcm2835 3f202000.mmc: could not get clk, deferring probe
Nov 19 14:10:24 raspberrypi kernel: [    0.708166] sdhci-pltfm: SDHCI platform and OF driver helper
Nov 19 14:10:24 raspberrypi kernel: [    0.709714] ledtrig-cpu: registered to indicate activity on CPUs
Nov 19 14:10:24 raspberrypi kernel: [    0.709861] hidraw: raw HID events driver (C) Jiri Kosina
Nov 19 14:10:24 raspberrypi kernel: [    0.710059] usbcore: registered new interface driver usbhid
Nov 19 14:10:24 raspberrypi kernel: [    0.710064] usbhid: USB HID core driver
Nov 19 14:10:24 raspberrypi kernel: [    0.710814] vchiq: vchiq_init_state: slot_zero = (ptrval), is_master = 0
Nov 19 14:10:24 raspberrypi kernel: [    0.712362] [vc_sm_connected_init]: start
Nov 19 14:10:24 raspberrypi kernel: [    0.720990] [vc_sm_connected_init]: end - returning 0
Nov 19 14:10:24 raspberrypi kernel: [    0.722123] Initializing XFRM netlink socket
Nov 19 14:10:24 raspberrypi kernel: [    0.722148] NET: Registered protocol family 17
Nov 19 14:10:24 raspberrypi kernel: [    0.722260] Key type dns_resolver registered
Nov 19 14:10:24 raspberrypi kernel: [    0.722840] Registering SWP/SWPB emulation handler
Nov 19 14:10:24 raspberrypi kernel: [    0.723474] registered taskstats version 1
Nov 19 14:10:24 raspberrypi kernel: [    0.723492] Loading compiled-in X.509 certificates
Nov 19 14:10:24 raspberrypi kernel: [    0.730739] uart-pl011 3f201000.serial: cts_event_workaround enabled
Nov 19 14:10:24 raspberrypi kernel: [    0.730816] 3f201000.serial: ttyAMA0 at MMIO 0x3f201000 (irq = 81, base_baud = 0) is a PL011 rev2
Nov 19 14:10:24 raspberrypi kernel: [    0.732888] mmc-bcm2835 3f300000.mmcnr: mmc_debug:0 mmc_debug2:0
Nov 19 14:10:24 raspberrypi kernel: [    0.732899] mmc-bcm2835 3f300000.mmcnr: DMA channel allocated
Nov 19 14:10:24 raspberrypi kernel: [    0.759060] sdhost: log_buf @ (ptrval) (fad13000)
Nov 19 14:10:24 raspberrypi kernel: [    0.795279] mmc1: queuing unknown CIS tuple 0x80 (2 bytes)
Nov 19 14:10:24 raspberrypi kernel: [    0.796843] mmc1: queuing unknown CIS tuple 0x80 (3 bytes)
Nov 19 14:10:24 raspberrypi kernel: [    0.798404] mmc1: queuing unknown CIS tuple 0x80 (3 bytes)
Nov 19 14:10:24 raspberrypi kernel: [    0.801208] mmc1: queuing unknown CIS tuple 0x80 (7 bytes)
Nov 19 14:10:24 raspberrypi kernel: [    0.805352] mmc0: sdhost-bcm2835 loaded - DMA enabled (>1)
Nov 19 14:10:24 raspberrypi kernel: [    0.806662] of_cfs_init
Nov 19 14:10:24 raspberrypi kernel: [    0.806814] of_cfs_init: OK
Nov 19 14:10:24 raspberrypi kernel: [    0.807441] Waiting for root device PARTUUID=73528744-02...
Nov 19 14:10:24 raspberrypi kernel: [    0.873173] random: fast init done
Nov 19 14:10:24 raspberrypi kernel: [    0.878371] mmc0: host does not support reading read-only switch, assuming write-enable
Nov 19 14:10:24 raspberrypi kernel: [    0.881706] mmc0: new high speed SDHC card at address 1388
Nov 19 14:10:24 raspberrypi kernel: [    0.885103] mmc1: new high speed SDIO card at address 0001
Nov 19 14:10:24 raspberrypi kernel: [    0.885669] mmcblk0: mmc0:1388 USD00 14.7 GiB
Nov 19 14:10:24 raspberrypi kernel: [    0.887609]  mmcblk0: p1 p2
Nov 19 14:10:24 raspberrypi kernel: [    0.902755] EXT4-fs (mmcblk0p2): mounted filesystem with ordered data mode. Opts: (null)
Nov 19 14:10:24 raspberrypi kernel: [    0.902808] VFS: Mounted root (ext4 filesystem) readonly on device 179:2.
Nov 19 14:10:24 raspberrypi kernel: [    0.903549] devtmpfs: mounted
Nov 19 14:10:24 raspberrypi kernel: [    0.908834] Freeing unused kernel memory: 1024K
Nov 19 14:10:24 raspberrypi kernel: [    0.931928] Indeed it is in host mode hprt0 = 00021501
Nov 19 14:10:24 raspberrypi kernel: [    0.992313] Run /sbin/init as init process
Nov 19 14:10:24 raspberrypi kernel: [    1.141853] usb 1-1: new high-speed USB device number 2 using dwc_otg
Nov 19 14:10:24 raspberrypi kernel: [    1.141987] Indeed it is in host mode hprt0 = 00001101
Nov 19 14:10:24 raspberrypi kernel: [    1.382128] usb 1-1: New USB device found, idVendor=0424, idProduct=2514, bcdDevice= b.b3
Nov 19 14:10:24 raspberrypi kernel: [    1.382142] usb 1-1: New USB device strings: Mfr=0, Product=0, SerialNumber=0
Nov 19 14:10:24 raspberrypi kernel: [    1.382792] hub 1-1:1.0: USB hub found
Nov 19 14:10:24 raspberrypi kernel: [    1.382889] hub 1-1:1.0: 4 ports detected
Nov 19 14:10:24 raspberrypi kernel: [    1.701856] usb 1-1.1: new high-speed USB device number 3 using dwc_otg
Nov 19 14:10:24 raspberrypi kernel: [    1.832148] usb 1-1.1: New USB device found, idVendor=0424, idProduct=2514, bcdDevice= b.b3
Nov 19 14:10:24 raspberrypi kernel: [    1.832164] usb 1-1.1: New USB device strings: Mfr=0, Product=0, SerialNumber=0
Nov 19 14:10:24 raspberrypi kernel: [    1.832806] hub 1-1.1:1.0: USB hub found
Nov 19 14:10:24 raspberrypi kernel: [    1.832900] hub 1-1.1:1.0: 3 ports detected
Nov 19 14:10:24 raspberrypi kernel: [    2.185737] dwc_otg_handle_wakeup_detected_intr lxstate = 2
Nov 19 14:10:24 raspberrypi kernel: [    2.299375] NET: Registered protocol family 10
Nov 19 14:10:24 raspberrypi kernel: [    2.300679] Segment Routing with IPv6
Nov 19 14:10:24 raspberrypi kernel: [    2.571921] usb 1-1.1.1: new high-speed USB device number 4 using dwc_otg
Nov 19 14:10:24 raspberrypi kernel: [    2.712284] usb 1-1.1.1: New USB device found, idVendor=0424, idProduct=7800, bcdDevice= 3.00
Nov 19 14:10:24 raspberrypi kernel: [    2.712299] usb 1-1.1.1: New USB device strings: Mfr=0, Product=0, SerialNumber=0
Nov 19 14:10:24 raspberrypi kernel: [    2.976849] lan78xx 1-1.1.1:1.0 (unnamed net_device) (uninitialized): No External EEPROM. Setting MAC Speed
Nov 19 14:10:24 raspberrypi kernel: [    2.977841] libphy: lan78xx-mdiobus: probed
Nov 19 14:10:24 raspberrypi kernel: [    3.005486] lan78xx 1-1.1.1:1.0 (unnamed net_device) (uninitialized): int urb period 64
Nov 19 14:10:24 raspberrypi kernel: [    3.660805] random: systemd: uninitialized urandom read (16 bytes read)
Nov 19 14:10:24 raspberrypi kernel: [    3.672656] random: systemd: uninitialized urandom read (16 bytes read)
Nov 19 14:10:24 raspberrypi kernel: [    3.674521] random: systemd: uninitialized urandom read (16 bytes read)
Nov 19 14:10:24 raspberrypi kernel: [    3.935720] i2c /dev entries driver
Nov 19 14:10:24 raspberrypi kernel: [    4.587774] EXT4-fs (mmcblk0p2): re-mounted. Opts: (null)
Nov 19 14:10:24 raspberrypi kernel: [    5.369889] vc_sm_cma: module is from the staging directory, the quality is unknown, you have been warned.
Nov 19 14:10:24 raspberrypi kernel: [    5.373378] bcm2835_vc_sm_cma_probe: Videocore shared memory driver
Nov 19 14:10:24 raspberrypi kernel: [    5.373395] [vc_sm_connected_init]: start
Nov 19 14:10:24 raspberrypi kernel: [    5.374965] media: Linux media interface: v0.10
Nov 19 14:10:24 raspberrypi kernel: [    5.382540] [vc_sm_connected_init]: installed successfully
Nov 19 14:10:24 raspberrypi kernel: [    5.407286] videodev: Linux video capture interface: v2.00
Nov 19 14:10:24 raspberrypi kernel: [    5.558586] bcm2835_mmal_vchiq: module is from the staging directory, the quality is unknown, you have been warned.
Nov 19 14:10:24 raspberrypi kernel: [    5.558590] bcm2835_mmal_vchiq: module is from the staging directory, the quality is unknown, you have been warned.
Nov 19 14:10:24 raspberrypi kernel: [    5.653099] bcm2835_v4l2: module is from the staging directory, the quality is unknown, you have been warned.
Nov 19 14:10:24 raspberrypi kernel: [    5.679817] bcm2835_codec: module is from the staging directory, the quality is unknown, you have been warned.
Nov 19 14:10:24 raspberrypi kernel: [    5.687066] bcm2835-codec bcm2835-codec: Device registered as /dev/video10
Nov 19 14:10:24 raspberrypi kernel: [    5.687114] bcm2835-codec bcm2835-codec: Loaded V4L2 decode
Nov 19 14:10:24 raspberrypi kernel: [    5.689438] snd_bcm2835: module is from the staging directory, the quality is unknown, you have been warned.
Nov 19 14:10:24 raspberrypi kernel: [    5.696841] bcm2835_audio soc:audio: card created with 8 channels
Nov 19 14:10:24 raspberrypi kernel: [    5.702846] bcm2835-codec bcm2835-codec: Device registered as /dev/video11
Nov 19 14:10:24 raspberrypi kernel: [    5.702881] bcm2835-codec bcm2835-codec: Loaded V4L2 encode
Nov 19 14:10:24 raspberrypi kernel: [    5.716220] bcm2835-codec bcm2835-codec: Device registered as /dev/video12
Nov 19 14:10:24 raspberrypi kernel: [    5.716257] bcm2835-codec bcm2835-codec: Loaded V4L2 isp
Nov 19 14:10:24 raspberrypi kernel: [    6.000278] cfg80211: Loading compiled-in X.509 certificates for regulatory database
Nov 19 14:10:24 raspberrypi kernel: [    6.207214] cfg80211: Loaded X.509 cert 'sforshee: 00b28ddf47aef9cea7'
Nov 19 14:10:24 raspberrypi kernel: [    6.305509] brcmfmac: F1 signature read @0x18000000=0x15264345
Nov 19 14:10:24 raspberrypi kernel: [    6.319870] brcmfmac: brcmf_fw_alloc_request: using brcm/brcmfmac43455-sdio for chip BCM4345/6
Nov 19 14:10:24 raspberrypi kernel: [    6.320674] usbcore: registered new interface driver brcmfmac
Nov 19 14:10:24 raspberrypi kernel: [    6.613145] brcmfmac: brcmf_fw_alloc_request: using brcm/brcmfmac43455-sdio for chip BCM4345/6
Nov 19 14:10:24 raspberrypi kernel: [    6.674252] brcmfmac: brcmf_c_preinit_dcmds: Firmware: BCM4345/6 wl0: Feb 27 2018 03:15:32 version 7.45.154 (r684107 CY) FWID 01-4fbe0b04
Nov 19 14:10:24 raspberrypi kernel: [    6.708518] random: crng init done
Nov 19 14:10:24 raspberrypi kernel: [    6.708534] random: 7 urandom warning(s) missed due to ratelimiting
Nov 19 14:10:24 raspberrypi kernel: [    9.439895] uart-pl011 3f201000.serial: no DMA platform data
Nov 19 14:10:24 raspberrypi kernel: [    9.907329] 8021q: 802.1Q VLAN Support v1.8
Nov 19 14:10:25 raspberrypi kernel: [   10.563976] Adding 102396k swap on /var/swap.  Priority:-2 extents:1 across:102396k SSFS
Nov 19 14:10:25 raspberrypi kernel: [   10.578474] IPv6: ADDRCONF(NETDEV_UP): wlan0: link is not ready
Nov 19 14:10:25 raspberrypi kernel: [   10.578489] brcmfmac: power management disabled
Nov 19 14:10:26 raspberrypi kernel: [   11.285887] IPv6: ADDRCONF(NETDEV_UP): eth0: link is not ready
Nov 19 14:10:26 raspberrypi kernel: [   11.285900] 8021q: adding VLAN 0 to HW filter on device eth0
Nov 19 14:10:26 raspberrypi kernel: [   11.295820] IPv6: ADDRCONF(NETDEV_CHANGE): eth0: link becomes ready
Nov 19 14:10:29 raspberrypi kernel: [   14.454845] IPv6: ADDRCONF(NETDEV_CHANGE): wlan0: link becomes ready
Nov 19 14:10:31 raspberrypi kernel: [   16.374737] Bluetooth: Core ver 2.22
Nov 19 14:10:31 raspberrypi kernel: [   16.374846] NET: Registered protocol family 31
Nov 19 14:10:31 raspberrypi kernel: [   16.374854] Bluetooth: HCI device and connection manager initialized
Nov 19 14:10:31 raspberrypi kernel: [   16.374877] Bluetooth: HCI socket layer initialized
Nov 19 14:10:31 raspberrypi kernel: [   16.374890] Bluetooth: L2CAP socket layer initialized
Nov 19 14:10:31 raspberrypi kernel: [   16.374931] Bluetooth: SCO socket layer initialized
Nov 19 14:10:31 raspberrypi kernel: [   16.469978] Bluetooth: HCI UART driver ver 2.3
Nov 19 14:10:31 raspberrypi kernel: [   16.469992] Bluetooth: HCI UART protocol H4 registered
Nov 19 14:10:31 raspberrypi kernel: [   16.470119] Bluetooth: HCI UART protocol Three-wire (H5) registered
Nov 19 14:10:31 raspberrypi kernel: [   16.470355] Bluetooth: HCI UART protocol Broadcom registered
Nov 19 14:10:32 raspberrypi kernel: [   17.405572] Bluetooth: BNEP (Ethernet Emulation) ver 1.3
Nov 19 14:10:32 raspberrypi kernel: [   17.405586] Bluetooth: BNEP filters: protocol multicast
Nov 19 14:10:32 raspberrypi kernel: [   17.405611] Bluetooth: BNEP socket layer initialized
Nov 19 14:10:32 raspberrypi kernel: [   17.618080] Bluetooth: RFCOMM TTY layer initialized
Nov 19 14:10:32 raspberrypi kernel: [   17.618122] Bluetooth: RFCOMM socket layer initialized
Nov 19 14:10:32 raspberrypi kernel: [   17.618162] Bluetooth: RFCOMM ver 1.11
Nov 19 14:10:33 raspberrypi kernel: [   18.096540] ICMPv6: process `dhcpcd' is using deprecated sysctl (syscall) net.ipv6.neigh.wlan0.retrans_time - use net.ipv6.neigh.wlan0.retrans_time_ms instead
Nov 19 14:10:36 raspberrypi kernel: [   21.378252] fuse init (API version 7.27)
Nov 20 12:41:40 raspberrypi kernel: [    0.000000] Booting Linux on physical CPU 0x0
Nov 20 12:41:40 raspberrypi kernel: [    0.000000] Linux version 4.19.75-v7+ (dom@buildbot) (gcc version 4.9.3 (crosstool-NG crosstool-ng-1.22.0-88-g8460611)) #1270 SMP Tue Sep 24 18:45:11 BST 2019
Nov 20 12:41:40 raspberrypi kernel: [    0.000000] CPU: ARMv7 Processor [410fd034] revision 4 (ARMv7), cr=10c5383d
Nov 20 12:41:40 raspberrypi kernel: [    0.000000] CPU: div instructions available: patching division code
Nov 20 12:41:40 raspberrypi kernel: [    0.000000] CPU: PIPT / VIPT nonaliasing data cache, VIPT aliasing instruction cache
Nov 20 12:41:40 raspberrypi kernel: [    0.000000] OF: fdt: Machine model: Raspberry Pi 3 Model B Plus Rev 1.3
Nov 20 12:41:40 raspberrypi kernel: [    0.000000] Memory policy: Data cache writealloc
Nov 20 12:41:40 raspberrypi kernel: [    0.000000] cma: Reserved 8 MiB at 0x3ac00000
Nov 20 12:41:40 raspberrypi kernel: [    0.000000] On node 0 totalpages: 242688
Nov 20 12:41:40 raspberrypi kernel: [    0.000000]   Normal zone: 2133 pages used for memmap
Nov 20 12:41:40 raspberrypi kernel: [    0.000000]   Normal zone: 0 pages reserved
Nov 20 12:41:40 raspberrypi kernel: [    0.000000]   Normal zone: 242688 pages, LIFO batch:63
Nov 20 12:41:40 raspberrypi kernel: [    0.000000] random: get_random_bytes called from start_kernel+0xac/0x4b4 with crng_init=0
Nov 20 12:41:40 raspberrypi kernel: [    0.000000] percpu: Embedded 17 pages/cpu s39488 r8192 d21952 u69632
Nov 20 12:41:40 raspberrypi kernel: [    0.000000] pcpu-alloc: s39488 r8192 d21952 u69632 alloc=17*4096
Nov 20 12:41:40 raspberrypi kernel: [    0.000000] pcpu-alloc: [0] 0 [0] 1 [0] 2 [0] 3 
Nov 20 12:41:40 raspberrypi kernel: [    0.000000] Built 1 zonelists, mobility grouping on.  Total pages: 240555
Nov 20 12:41:40 raspberrypi kernel: [    0.000000] Kernel command line: coherent_pool=1M 8250.nr_uarts=0 bcm2708_fb.fbwidth=656 bcm2708_fb.fbheight=416 bcm2708_fb.fbswap=1 vc_mem.mem_base=0x3ec00000 vc_mem.mem_size=0x40000000  dwc_otg.lpm_enable=0 console=ttyS0,115200 console=tty1 root=PARTUUID=73528744-02 rootfstype=ext4 elevator=deadline fsck.repair=yes rootwait quiet splash plymouth.ignore-serial-consoles
Nov 20 12:41:40 raspberrypi kernel: [    0.000000] Dentry cache hash table entries: 131072 (order: 7, 524288 bytes)
Nov 20 12:41:40 raspberrypi kernel: [    0.000000] Inode-cache hash table entries: 65536 (order: 6, 262144 bytes)
Nov 20 12:41:40 raspberrypi kernel: [    0.000000] Memory: 939088K/970752K available (8192K kernel code, 629K rwdata, 2176K rodata, 1024K init, 821K bss, 23472K reserved, 8192K cma-reserved)
Nov 20 12:41:40 raspberrypi kernel: [    0.000000] Virtual kernel memory layout:
Nov 20 12:41:40 raspberrypi kernel: [    0.000000]     vector  : 0xffff0000 - 0xffff1000   (   4 kB)
Nov 20 12:41:40 raspberrypi kernel: [    0.000000]     fixmap  : 0xffc00000 - 0xfff00000   (3072 kB)
Nov 20 12:41:40 raspberrypi kernel: [    0.000000]     vmalloc : 0xbb800000 - 0xff800000   (1088 MB)
Nov 20 12:41:40 raspberrypi kernel: [    0.000000]     lowmem  : 0x80000000 - 0xbb400000   ( 948 MB)
Nov 20 12:41:40 raspberrypi kernel: [    0.000000]     modules : 0x7f000000 - 0x80000000   (  16 MB)
Nov 20 12:41:40 raspberrypi kernel: [    0.000000]       .text : 0x(ptrval) - 0x(ptrval)   (9184 kB)
Nov 20 12:41:40 raspberrypi kernel: [    0.000000]       .init : 0x(ptrval) - 0x(ptrval)   (1024 kB)
Nov 20 12:41:40 raspberrypi kernel: [    0.000000]       .data : 0x(ptrval) - 0x(ptrval)   ( 630 kB)
Nov 20 12:41:40 raspberrypi kernel: [    0.000000]        .bss : 0x(ptrval) - 0x(ptrval)   ( 822 kB)
Nov 20 12:41:40 raspberrypi kernel: [    0.000000] SLUB: HWalign=64, Order=0-3, MinObjects=0, CPUs=4, Nodes=1
Nov 20 12:41:40 raspberrypi kernel: [    0.000000] ftrace: allocating 26399 entries in 78 pages
Nov 20 12:41:40 raspberrypi kernel: [    0.000000] rcu: Hierarchical RCU implementation.
Nov 20 12:41:40 raspberrypi kernel: [    0.000000] NR_IRQS: 16, nr_irqs: 16, preallocated irqs: 16
Nov 20 12:41:40 raspberrypi kernel: [    0.000000] arch_timer: cp15 timer(s) running at 19.20MHz (phys).
Nov 20 12:41:40 raspberrypi kernel: [    0.000000] clocksource: arch_sys_counter: mask: 0xffffffffffffff max_cycles: 0x46d987e47, max_idle_ns: 440795202767 ns
Nov 20 12:41:40 raspberrypi kernel: [    0.000007] sched_clock: 56 bits at 19MHz, resolution 52ns, wraps every 4398046511078ns
Nov 20 12:41:40 raspberrypi kernel: [    0.000019] Switching to timer-based delay loop, resolution 52ns
Nov 20 12:41:40 raspberrypi kernel: [    0.000283] Console: colour dummy device 80x30
Nov 20 12:41:40 raspberrypi kernel: [    0.000302] console [tty1] enabled
Nov 20 12:41:40 raspberrypi kernel: [    0.000346] Calibrating delay loop (skipped), value calculated using timer frequency.. 38.40 BogoMIPS (lpj=192000)
Nov 20 12:41:40 raspberrypi kernel: [    0.000362] pid_max: default: 32768 minimum: 301
Nov 20 12:41:40 raspberrypi kernel: [    0.000702] Mount-cache hash table entries: 2048 (order: 1, 8192 bytes)
Nov 20 12:41:40 raspberrypi kernel: [    0.000718] Mountpoint-cache hash table entries: 2048 (order: 1, 8192 bytes)
Nov 20 12:41:40 raspberrypi kernel: [    0.001630] CPU: Testing write buffer coherency: ok
Nov 20 12:41:40 raspberrypi kernel: [    0.002091] CPU0: thread -1, cpu 0, socket 0, mpidr 80000000
Nov 20 12:41:40 raspberrypi kernel: [    0.002740] Setting up static identity map for 0x100000 - 0x10003c
Nov 20 12:41:40 raspberrypi kernel: [    0.002890] rcu: Hierarchical SRCU implementation.
Nov 20 12:41:40 raspberrypi kernel: [    0.003685] smp: Bringing up secondary CPUs ...
Nov 20 12:41:40 raspberrypi kernel: [    0.004522] CPU1: thread -1, cpu 1, socket 0, mpidr 80000001
Nov 20 12:41:40 raspberrypi kernel: [    0.005448] CPU2: thread -1, cpu 2, socket 0, mpidr 80000002
Nov 20 12:41:40 raspberrypi kernel: [    0.006311] CPU3: thread -1, cpu 3, socket 0, mpidr 80000003
Nov 20 12:41:40 raspberrypi kernel: [    0.006436] smp: Brought up 1 node, 4 CPUs
Nov 20 12:41:40 raspberrypi kernel: [    0.006447] SMP: Total of 4 processors activated (153.60 BogoMIPS).
Nov 20 12:41:40 raspberrypi kernel: [    0.006453] CPU: All CPU(s) started in HYP mode.
Nov 20 12:41:40 raspberrypi kernel: [    0.006458] CPU: Virtualization extensions available.
Nov 20 12:41:40 raspberrypi kernel: [    0.007433] devtmpfs: initialized
Nov 20 12:41:40 raspberrypi kernel: [    0.020784] VFP support v0.3: implementor 41 architecture 3 part 40 variant 3 rev 4
Nov 20 12:41:40 raspberrypi kernel: [    0.021021] clocksource: jiffies: mask: 0xffffffff max_cycles: 0xffffffff, max_idle_ns: 19112604462750000 ns
Nov 20 12:41:40 raspberrypi kernel: [    0.021039] futex hash table entries: 1024 (order: 4, 65536 bytes)
Nov 20 12:41:40 raspberrypi kernel: [    0.021634] pinctrl core: initialized pinctrl subsystem
Nov 20 12:41:40 raspberrypi kernel: [    0.022487] NET: Registered protocol family 16
Nov 20 12:41:40 raspberrypi kernel: [    0.025539] DMA: preallocated 1024 KiB pool for atomic coherent allocations
Nov 20 12:41:40 raspberrypi kernel: [    0.031285] hw-breakpoint: found 5 (+1 reserved) breakpoint and 4 watchpoint registers.
Nov 20 12:41:40 raspberrypi kernel: [    0.031293] hw-breakpoint: maximum watchpoint size is 8 bytes.
Nov 20 12:41:40 raspberrypi kernel: [    0.031499] Serial: AMBA PL011 UART driver
Nov 20 12:41:40 raspberrypi kernel: [    0.033793] bcm2835-mbox 3f00b880.mailbox: mailbox enabled
Nov 20 12:41:40 raspberrypi kernel: [    0.068715] bcm2835-dma 3f007000.dma: DMA legacy API manager at (ptrval), dmachans=0x1
Nov 20 12:41:40 raspberrypi kernel: [    0.070405] SCSI subsystem initialized
Nov 20 12:41:40 raspberrypi kernel: [    0.070633] usbcore: registered new interface driver usbfs
Nov 20 12:41:40 raspberrypi kernel: [    0.070688] usbcore: registered new interface driver hub
Nov 20 12:41:40 raspberrypi kernel: [    0.070781] usbcore: registered new device driver usb
Nov 20 12:41:40 raspberrypi kernel: [    0.090124] raspberrypi-firmware soc:firmware: Attached to firmware from 2019-09-24 17:37, variant start
Nov 20 12:41:40 raspberrypi kernel: [    0.100392] raspberrypi-firmware soc:firmware: Firmware hash is 6820edeee4ef3891b95fc01cf02a7abd7ca52f17
Nov 20 12:41:40 raspberrypi kernel: [    0.111816] clocksource: Switched to clocksource arch_sys_counter
Nov 20 12:41:40 raspberrypi kernel: [    0.201488] VFS: Disk quotas dquot_6.6.0
Nov 20 12:41:40 raspberrypi kernel: [    0.201570] VFS: Dquot-cache hash table entries: 1024 (order 0, 4096 bytes)
Nov 20 12:41:40 raspberrypi kernel: [    0.201760] FS-Cache: Loaded
Nov 20 12:41:40 raspberrypi kernel: [    0.201994] CacheFiles: Loaded
Nov 20 12:41:40 raspberrypi kernel: [    0.211953] NET: Registered protocol family 2
Nov 20 12:41:40 raspberrypi kernel: [    0.212716] tcp_listen_portaddr_hash hash table entries: 512 (order: 0, 6144 bytes)
Nov 20 12:41:40 raspberrypi kernel: [    0.212759] TCP established hash table entries: 8192 (order: 3, 32768 bytes)
Nov 20 12:41:40 raspberrypi kernel: [    0.212869] TCP bind hash table entries: 8192 (order: 4, 65536 bytes)
Nov 20 12:41:40 raspberrypi kernel: [    0.213054] TCP: Hash tables configured (established 8192 bind 8192)
Nov 20 12:41:40 raspberrypi kernel: [    0.213190] UDP hash table entries: 512 (order: 2, 16384 bytes)
Nov 20 12:41:40 raspberrypi kernel: [    0.213237] UDP-Lite hash table entries: 512 (order: 2, 16384 bytes)
Nov 20 12:41:40 raspberrypi kernel: [    0.213547] NET: Registered protocol family 1
Nov 20 12:41:40 raspberrypi kernel: [    0.214131] RPC: Registered named UNIX socket transport module.
Nov 20 12:41:40 raspberrypi kernel: [    0.214137] RPC: Registered udp transport module.
Nov 20 12:41:40 raspberrypi kernel: [    0.214143] RPC: Registered tcp transport module.
Nov 20 12:41:40 raspberrypi kernel: [    0.214149] RPC: Registered tcp NFSv4.1 backchannel transport module.
Nov 20 12:41:40 raspberrypi kernel: [    0.215883] hw perfevents: enabled with armv7_cortex_a7 PMU driver, 7 counters available
Nov 20 12:41:40 raspberrypi kernel: [    0.218876] Initialise system trusted keyrings
Nov 20 12:41:40 raspberrypi kernel: [    0.219067] workingset: timestamp_bits=14 max_order=18 bucket_order=4
Nov 20 12:41:40 raspberrypi kernel: [    0.228885] FS-Cache: Netfs 'nfs' registered for caching
Nov 20 12:41:40 raspberrypi kernel: [    0.229445] NFS: Registering the id_resolver key type
Nov 20 12:41:40 raspberrypi kernel: [    0.229477] Key type id_resolver registered
Nov 20 12:41:40 raspberrypi kernel: [    0.229483] Key type id_legacy registered
Nov 20 12:41:40 raspberrypi kernel: [    0.229500] nfs4filelayout_init: NFSv4 File Layout Driver Registering...
Nov 20 12:41:40 raspberrypi kernel: [    0.231748] Key type asymmetric registered
Nov 20 12:41:40 raspberrypi kernel: [    0.231756] Asymmetric key parser 'x509' registered
Nov 20 12:41:40 raspberrypi kernel: [    0.231886] Block layer SCSI generic (bsg) driver version 0.4 loaded (major 250)
Nov 20 12:41:40 raspberrypi kernel: [    0.232041] io scheduler noop registered
Nov 20 12:41:40 raspberrypi kernel: [    0.232049] io scheduler deadline registered (default)
Nov 20 12:41:40 raspberrypi kernel: [    0.232236] io scheduler cfq registered
Nov 20 12:41:40 raspberrypi kernel: [    0.232244] io scheduler mq-deadline registered (default)
Nov 20 12:41:40 raspberrypi kernel: [    0.232251] io scheduler kyber registered
Nov 20 12:41:40 raspberrypi kernel: [    0.234451] bcm2708_fb soc:fb: FB found 1 display(s)
Nov 20 12:41:40 raspberrypi kernel: [    0.243931] Console: switching to colour frame buffer device 82x26
Nov 20 12:41:40 raspberrypi kernel: [    0.248365] bcm2708_fb soc:fb: Registered framebuffer for display 0, size 656x416
Nov 20 12:41:40 raspberrypi kernel: [    0.250431] bcm2835-rng 3f104000.rng: hwrng registered
Nov 20 12:41:40 raspberrypi kernel: [    0.250740] vc-mem: phys_addr:0x00000000 mem_base=0x3ec00000 mem_size:0x40000000(1024 MiB)
Nov 20 12:41:40 raspberrypi kernel: [    0.251284] vc-sm: Videocore shared memory driver
Nov 20 12:41:40 raspberrypi kernel: [    0.251599] gpiomem-bcm2835 3f200000.gpiomem: Initialised: Registers at 0x3f200000
Nov 20 12:41:40 raspberrypi kernel: [    0.262369] brd: module loaded
Nov 20 12:41:40 raspberrypi kernel: [    0.272492] loop: module loaded
Nov 20 12:41:40 raspberrypi kernel: [    0.273075] Loading iSCSI transport class v2.0-870.
Nov 20 12:41:40 raspberrypi kernel: [    0.273767] libphy: Fixed MDIO Bus: probed
Nov 20 12:41:40 raspberrypi kernel: [    0.273872] usbcore: registered new interface driver lan78xx
Nov 20 12:41:40 raspberrypi kernel: [    0.273928] usbcore: registered new interface driver smsc95xx
Nov 20 12:41:40 raspberrypi kernel: [    0.273944] dwc_otg: version 3.00a 10-AUG-2012 (platform bus)
Nov 20 12:41:40 raspberrypi kernel: [    0.301781] dwc_otg 3f980000.usb: base=(ptrval)
Nov 20 12:41:40 raspberrypi kernel: [    0.502018] Core Release: 2.80a
Nov 20 12:41:40 raspberrypi kernel: [    0.502028] Setting default values for core params
Nov 20 12:41:40 raspberrypi kernel: [    0.502058] Finished setting default values for core params
Nov 20 12:41:40 raspberrypi kernel: [    0.702346] Using Buffer DMA mode
Nov 20 12:41:40 raspberrypi kernel: [    0.702354] Periodic Transfer Interrupt Enhancement - disabled
Nov 20 12:41:40 raspberrypi kernel: [    0.702360] Multiprocessor Interrupt Enhancement - disabled
Nov 20 12:41:40 raspberrypi kernel: [    0.702367] OTG VER PARAM: 0, OTG VER FLAG: 0
